ARM Linker, 4.1 [Build 791] [Professional]

==============================================================================

Section Cross References

    main.o(.text) refers to mcu_int.o(.text) for RCC_Configuration
    main.o(.text) refers to ult.o(.text) for Systick_Init
    main.o(.text) refers to device.o(.text) for USART1_Init
    main.o(.text) refers to 24c16.o(.text) for at24c16_init
    main.o(.text) refers to printf3.o(i.__0printf$3) for __2printf
    main.o(.text) refers to spi2.o(.text) for WIZ_SPI_Init
    main.o(.text) refers to w5500.o(.text) for setSHAR
    main.o(.text) refers to socket.o(.text) for listen
    main.o(.text) refers to memseta.o(.text) for __aeabi_memclr
    main.o(.text) refers to device.o(.data) for rxsize
    main.o(.text) refers to main.o(.bss) for buffer
    startup_stm32f10x_ld.o(RESET) refers to startup_stm32f10x_ld.o(STACK) for __initial_sp
    startup_stm32f10x_ld.o(RESET) refers to startup_stm32f10x_ld.o(.text) for Reset_Handler
    startup_stm32f10x_ld.o(RESET) refers to stm32f10x_it.o(.text) for NMI_Handler
    startup_stm32f10x_ld.o(RESET) refers to device.o(.text) for USART1_IRQHandler
    startup_stm32f10x_ld.o(.text) refers to system_stm32f10x.o(.text) for SystemInit
    startup_stm32f10x_ld.o(.text) refers to entry.o(.ARM.Collect$$$$00000000) for __main
    system_stm32f10x.o(.text) refers to system_stm32f10x.o(.data) for SystemCoreClock
    stm32f10x_bkp.o(.text) refers to stm32f10x_rcc.o(.text) for RCC_BackupResetCmd
    stm32f10x_gpio.o(.text) refers to stm32f10x_rcc.o(.text) for RCC_APB2PeriphResetCmd
    stm32f10x_i2c.o(.text) refers to stm32f10x_rcc.o(.text) for RCC_APB1PeriphResetCmd
    stm32f10x_spi.o(.text) refers to stm32f10x_rcc.o(.text) for RCC_APB2PeriphResetCmd
    stm32f10x_tim.o(.text) refers to stm32f10x_rcc.o(.text) for RCC_APB2PeriphResetCmd
    stm32f10x_usart.o(.text) refers to stm32f10x_rcc.o(.text) for RCC_APB2PeriphResetCmd
    stm32f10x_rcc.o(.text) refers to stm32f10x_rcc.o(.data) for APBAHBPrescTable
    stm32f10x_adc.o(.text) refers to stm32f10x_rcc.o(.text) for RCC_APB2PeriphResetCmd
    stm32f10x_can.o(.text) refers to stm32f10x_rcc.o(.text) for RCC_APB1PeriphResetCmd
    stm32f10x_cec.o(.text) refers to stm32f10x_rcc.o(.text) for RCC_APB1PeriphResetCmd
    stm32f10x_dac.o(.text) refers to stm32f10x_rcc.o(.text) for RCC_APB1PeriphResetCmd
    stm32f10x_pwr.o(.text) refers to stm32f10x_rcc.o(.text) for RCC_APB1PeriphResetCmd
    stm32f10x_wwdg.o(.text) refers to stm32f10x_rcc.o(.text) for RCC_APB1PeriphResetCmd
    24c16.o(.text) refers to stm32f10x_gpio.o(.text) for GPIO_Init
    24c16.o(.text) refers to ult.o(.text) for Delay_us
    device.o(.text) refers to stm32f10x_gpio.o(.text) for GPIO_ResetBits
    device.o(.text) refers to ult.o(.text) for Delay_us
    device.o(.text) refers to stm32f10x_rcc.o(.text) for RCC_APB2PeriphClockCmd
    device.o(.text) refers to stm32f10x_usart.o(.text) for USART_ITConfig
    device.o(.text) refers to w5500.o(.text) for setSHAR
    device.o(.text) refers to printf3.o(i.__0printf$3) for __2printf
    device.o(.text) refers to 24c16.o(.text) for at24c16_write
    device.o(.text) refers to device.o(.bss) for ConfigMsg
    device.o(.text) refers to device.o(.data) for rxsize
    mcu_int.o(.text) refers to stm32f10x_gpio.o(.text) for GPIO_Init
    mcu_int.o(.text) refers to stm32f10x_rcc.o(.text) for RCC_DeInit
    mcu_int.o(.text) refers to stm32f10x_flash.o(.text) for FLASH_PrefetchBufferCmd
    mcu_int.o(.text) refers to misc.o(.text) for NVIC_PriorityGroupConfig
    md5.o(.text) refers to memseta.o(.text) for __aeabi_memclr4
    md5.o(.text) refers to memcpya.o(.text) for __aeabi_memcpy
    md5.o(.text) refers to md5.o(.data) for padding
    socket.o(.text) refers to w5500.o(.text) for IINCHIP_WRITE
    socket.o(.text) refers to printf3.o(i.__0printf$3) for __2printf
    socket.o(.text) refers to socket.o(.data) for local_port
    spi2.o(.text) refers to stm32f10x_spi.o(.text) for SPI_Init
    spi2.o(.text) refers to stm32f10x_gpio.o(.text) for GPIO_ResetBits
    ult.o(.text) refers to memseta.o(.text) for __aeabi_memset
    ult.o(.text) refers to strstr.o(.text) for strstr
    ult.o(.text) refers to strlen.o(.text) for strlen
    ult.o(.text) refers to strncpy.o(.text) for strncpy
    ult.o(.text) refers to strcpy.o(.text) for strcpy
    ult.o(.text) refers to strtok.o(.text) for strtok
    ult.o(.text) refers to ult.o(.data) for fac_us
    w5500.o(.text) refers to spi2.o(.text) for WIZ_CS
    w5500.o(.text) refers to printf3.o(i.__0printf$3) for __2printf
    w5500.o(.text) refers to w5500.o(.data) for I_STATUS
    w5500.o(.text) refers to w5500.o(.bss) for RSIZE
    entry.o(.ARM.Collect$$$$00000000) refers (Special) to entry7b.o(.ARM.Collect$$$$00000008) for _main_clock
    entry.o(.ARM.Collect$$$$00000000) refers (Special) to entry8.o(.ARM.Collect$$$$00000009) for _main_init
    entry.o(.ARM.Collect$$$$00000000) refers (Special) to entry5.o(.ARM.Collect$$$$00000004) for _main_scatterload
    entry.o(.ARM.Collect$$$$00000000) refers (Special) to entry2.o(.ARM.Collect$$$$00000001) for _main_stk
    strtok.o(.text) refers to strtok.o(.data) for .data
    strtok_r.o(.text) refers to strtok_r.o(.data) for .data
    printfb.o(i.__0fprintf$bare) refers to printfb.o(i._printf_core) for _printf_core
    printfb.o(i.__0fprintf$bare) refers to device.o(.text) for fputc
    printfb.o(i.__0printf$bare) refers to printfb.o(i._printf_core) for _printf_core
    printfb.o(i.__0printf$bare) refers to device.o(.text) for fputc
    printfb.o(i.__0printf$bare) refers to stdout.o(.data) for __stdout
    printfb.o(i.__0snprintf$bare) refers to printfb.o(i._printf_core) for _printf_core
    printfb.o(i.__0snprintf$bare) refers to printfb.o(i._snputc) for _snputc
    printfb.o(i.__0sprintf$bare) refers to printfb.o(i._printf_core) for _printf_core
    printfb.o(i.__0sprintf$bare) refers to printfb.o(i._sputc) for _sputc
    printfb.o(i.__0vfprintf$bare) refers to printfb.o(i._printf_core) for _printf_core
    printfb.o(i.__0vfprintf$bare) refers to device.o(.text) for fputc
    printfb.o(i.__0vprintf$bare) refers to printfb.o(i._printf_core) for _printf_core
    printfb.o(i.__0vprintf$bare) refers to device.o(.text) for fputc
    printfb.o(i.__0vprintf$bare) refers to stdout.o(.data) for __stdout
    printfb.o(i.__0vsnprintf$bare) refers to printfb.o(i._printf_core) for _printf_core
    printfb.o(i.__0vsnprintf$bare) refers to printfb.o(i._snputc) for _snputc
    printfb.o(i.__0vsprintf$bare) refers to printfb.o(i._printf_core) for _printf_core
    printfb.o(i.__0vsprintf$bare) refers to printfb.o(i._sputc) for _sputc
    printf0.o(i.__0fprintf$0) refers to printf0.o(i._printf_core) for _printf_core
    printf0.o(i.__0fprintf$0) refers to device.o(.text) for fputc
    printf0.o(i.__0printf$0) refers to printf0.o(i._printf_core) for _printf_core
    printf0.o(i.__0printf$0) refers to device.o(.text) for fputc
    printf0.o(i.__0printf$0) refers to stdout.o(.data) for __stdout
    printf0.o(i.__0snprintf$0) refers to printf0.o(i._printf_core) for _printf_core
    printf0.o(i.__0snprintf$0) refers to printf0.o(i._snputc) for _snputc
    printf0.o(i.__0sprintf$0) refers to printf0.o(i._printf_core) for _printf_core
    printf0.o(i.__0sprintf$0) refers to printf0.o(i._sputc) for _sputc
    printf0.o(i.__0vfprintf$0) refers to printf0.o(i._printf_core) for _printf_core
    printf0.o(i.__0vfprintf$0) refers to device.o(.text) for fputc
    printf0.o(i.__0vprintf$0) refers to printf0.o(i._printf_core) for _printf_core
    printf0.o(i.__0vprintf$0) refers to device.o(.text) for fputc
    printf0.o(i.__0vprintf$0) refers to stdout.o(.data) for __stdout
    printf0.o(i.__0vsnprintf$0) refers to printf0.o(i._printf_core) for _printf_core
    printf0.o(i.__0vsnprintf$0) refers to printf0.o(i._snputc) for _snputc
    printf0.o(i.__0vsprintf$0) refers to printf0.o(i._printf_core) for _printf_core
    printf0.o(i.__0vsprintf$0) refers to printf0.o(i._sputc) for _sputc
    printf1.o(i.__0fprintf$1) refers to printf1.o(i._printf_core) for _printf_core
    printf1.o(i.__0fprintf$1) refers to device.o(.text) for fputc
    printf1.o(i.__0printf$1) refers to printf1.o(i._printf_core) for _printf_core
    printf1.o(i.__0printf$1) refers to device.o(.text) for fputc
    printf1.o(i.__0printf$1) refers to stdout.o(.data) for __stdout
    printf1.o(i.__0snprintf$1) refers to printf1.o(i._printf_core) for _printf_core
    printf1.o(i.__0snprintf$1) refers to printf1.o(i._snputc) for _snputc
    printf1.o(i.__0sprintf$1) refers to printf1.o(i._printf_core) for _printf_core
    printf1.o(i.__0sprintf$1) refers to printf1.o(i._sputc) for _sputc
    printf1.o(i.__0vfprintf$1) refers to printf1.o(i._printf_core) for _printf_core
    printf1.o(i.__0vfprintf$1) refers to device.o(.text) for fputc
    printf1.o(i.__0vprintf$1) refers to printf1.o(i._printf_core) for _printf_core
    printf1.o(i.__0vprintf$1) refers to device.o(.text) for fputc
    printf1.o(i.__0vprintf$1) refers to stdout.o(.data) for __stdout
    printf1.o(i.__0vsnprintf$1) refers to printf1.o(i._printf_core) for _printf_core
    printf1.o(i.__0vsnprintf$1) refers to printf1.o(i._snputc) for _snputc
    printf1.o(i.__0vsprintf$1) refers to printf1.o(i._printf_core) for _printf_core
    printf1.o(i.__0vsprintf$1) refers to printf1.o(i._sputc) for _sputc
    printf1.o(i._printf_core) refers to uidiv.o(.text) for __aeabi_uidivmod
    printf2.o(i.__0fprintf$2) refers to printf2.o(i._printf_core) for _printf_core
    printf2.o(i.__0fprintf$2) refers to device.o(.text) for fputc
    printf2.o(i.__0printf$2) refers to printf2.o(i._printf_core) for _printf_core
    printf2.o(i.__0printf$2) refers to device.o(.text) for fputc
    printf2.o(i.__0printf$2) refers to stdout.o(.data) for __stdout
    printf2.o(i.__0snprintf$2) refers to printf2.o(i._printf_core) for _printf_core
    printf2.o(i.__0snprintf$2) refers to printf2.o(i._snputc) for _snputc
    printf2.o(i.__0sprintf$2) refers to printf2.o(i._printf_core) for _printf_core
    printf2.o(i.__0sprintf$2) refers to printf2.o(i._sputc) for _sputc
    printf2.o(i.__0vfprintf$2) refers to printf2.o(i._printf_core) for _printf_core
    printf2.o(i.__0vfprintf$2) refers to device.o(.text) for fputc
    printf2.o(i.__0vprintf$2) refers to printf2.o(i._printf_core) for _printf_core
    printf2.o(i.__0vprintf$2) refers to device.o(.text) for fputc
    printf2.o(i.__0vprintf$2) refers to stdout.o(.data) for __stdout
    printf2.o(i.__0vsnprintf$2) refers to printf2.o(i._printf_core) for _printf_core
    printf2.o(i.__0vsnprintf$2) refers to printf2.o(i._snputc) for _snputc
    printf2.o(i.__0vsprintf$2) refers to printf2.o(i._printf_core) for _printf_core
    printf2.o(i.__0vsprintf$2) refers to printf2.o(i._sputc) for _sputc
    printf3.o(i.__0fprintf$3) refers to printf3.o(i._printf_core) for _printf_core
    printf3.o(i.__0fprintf$3) refers to device.o(.text) for fputc
    printf3.o(i.__0printf$3) refers to printf3.o(i._printf_core) for _printf_core
    printf3.o(i.__0printf$3) refers to device.o(.text) for fputc
    printf3.o(i.__0printf$3) refers to stdout.o(.data) for __stdout
    printf3.o(i.__0snprintf$3) refers to printf3.o(i._printf_core) for _printf_core
    printf3.o(i.__0snprintf$3) refers to printf3.o(i._snputc) for _snputc
    printf3.o(i.__0sprintf$3) refers to printf3.o(i._printf_core) for _printf_core
    printf3.o(i.__0sprintf$3) refers to printf3.o(i._sputc) for _sputc
    printf3.o(i.__0vfprintf$3) refers to printf3.o(i._printf_core) for _printf_core
    printf3.o(i.__0vfprintf$3) refers to device.o(.text) for fputc
    printf3.o(i.__0vprintf$3) refers to printf3.o(i._printf_core) for _printf_core
    printf3.o(i.__0vprintf$3) refers to device.o(.text) for fputc
    printf3.o(i.__0vprintf$3) refers to stdout.o(.data) for __stdout
    printf3.o(i.__0vsnprintf$3) refers to printf3.o(i._printf_core) for _printf_core
    printf3.o(i.__0vsnprintf$3) refers to printf3.o(i._snputc) for _snputc
    printf3.o(i.__0vsprintf$3) refers to printf3.o(i._printf_core) for _printf_core
    printf3.o(i.__0vsprintf$3) refers to printf3.o(i._sputc) for _sputc
    printf3.o(i._printf_core) refers to uidiv.o(.text) for __aeabi_uidivmod
    printf4.o(i.__0fprintf$4) refers to printf4.o(i._printf_core) for _printf_core
    printf4.o(i.__0fprintf$4) refers to device.o(.text) for fputc
    printf4.o(i.__0printf$4) refers to printf4.o(i._printf_core) for _printf_core
    printf4.o(i.__0printf$4) refers to device.o(.text) for fputc
    printf4.o(i.__0printf$4) refers to stdout.o(.data) for __stdout
    printf4.o(i.__0snprintf$4) refers to printf4.o(i._printf_core) for _printf_core
    printf4.o(i.__0snprintf$4) refers to printf4.o(i._snputc) for _snputc
    printf4.o(i.__0sprintf$4) refers to printf4.o(i._printf_core) for _printf_core
    printf4.o(i.__0sprintf$4) refers to printf4.o(i._sputc) for _sputc
    printf4.o(i.__0vfprintf$4) refers to printf4.o(i._printf_core) for _printf_core
    printf4.o(i.__0vfprintf$4) refers to device.o(.text) for fputc
    printf4.o(i.__0vprintf$4) refers to printf4.o(i._printf_core) for _printf_core
    printf4.o(i.__0vprintf$4) refers to device.o(.text) for fputc
    printf4.o(i.__0vprintf$4) refers to stdout.o(.data) for __stdout
    printf4.o(i.__0vsnprintf$4) refers to printf4.o(i._printf_core) for _printf_core
    printf4.o(i.__0vsnprintf$4) refers to printf4.o(i._snputc) for _snputc
    printf4.o(i.__0vsprintf$4) refers to printf4.o(i._printf_core) for _printf_core
    printf4.o(i.__0vsprintf$4) refers to printf4.o(i._sputc) for _sputc
    printf4.o(i._printf_core) refers to uldiv.o(.text) for __aeabi_uldivmod
    printf5.o(i.__0fprintf$5) refers to printf5.o(i._printf_core) for _printf_core
    printf5.o(i.__0fprintf$5) refers to device.o(.text) for fputc
    printf5.o(i.__0printf$5) refers to printf5.o(i._printf_core) for _printf_core
    printf5.o(i.__0printf$5) refers to device.o(.text) for fputc
    printf5.o(i.__0printf$5) refers to stdout.o(.data) for __stdout
    printf5.o(i.__0snprintf$5) refers to printf5.o(i._printf_core) for _printf_core
    printf5.o(i.__0snprintf$5) refers to printf5.o(i._snputc) for _snputc
    printf5.o(i.__0sprintf$5) refers to printf5.o(i._printf_core) for _printf_core
    printf5.o(i.__0sprintf$5) refers to printf5.o(i._sputc) for _sputc
    printf5.o(i.__0vfprintf$5) refers to printf5.o(i._printf_core) for _printf_core
    printf5.o(i.__0vfprintf$5) refers to device.o(.text) for fputc
    printf5.o(i.__0vprintf$5) refers to printf5.o(i._printf_core) for _printf_core
    printf5.o(i.__0vprintf$5) refers to device.o(.text) for fputc
    printf5.o(i.__0vprintf$5) refers to stdout.o(.data) for __stdout
    printf5.o(i.__0vsnprintf$5) refers to printf5.o(i._printf_core) for _printf_core
    printf5.o(i.__0vsnprintf$5) refers to printf5.o(i._snputc) for _snputc
    printf5.o(i.__0vsprintf$5) refers to printf5.o(i._printf_core) for _printf_core
    printf5.o(i.__0vsprintf$5) refers to printf5.o(i._sputc) for _sputc
    printf5.o(i._printf_core) refers to uldiv.o(.text) for __aeabi_uldivmod
    printf6.o(i.__0fprintf$6) refers to printf6.o(i._printf_core) for _printf_core
    printf6.o(i.__0fprintf$6) refers to device.o(.text) for fputc
    printf6.o(i.__0printf$6) refers to printf6.o(i._printf_core) for _printf_core
    printf6.o(i.__0printf$6) refers to device.o(.text) for fputc
    printf6.o(i.__0printf$6) refers to stdout.o(.data) for __stdout
    printf6.o(i.__0snprintf$6) refers to printf6.o(i._printf_core) for _printf_core
    printf6.o(i.__0snprintf$6) refers to printf6.o(i._snputc) for _snputc
    printf6.o(i.__0sprintf$6) refers to printf6.o(i._printf_core) for _printf_core
    printf6.o(i.__0sprintf$6) refers to printf6.o(i._sputc) for _sputc
    printf6.o(i.__0vfprintf$6) refers to printf6.o(i._printf_core) for _printf_core
    printf6.o(i.__0vfprintf$6) refers to device.o(.text) for fputc
    printf6.o(i.__0vprintf$6) refers to printf6.o(i._printf_core) for _printf_core
    printf6.o(i.__0vprintf$6) refers to device.o(.text) for fputc
    printf6.o(i.__0vprintf$6) refers to stdout.o(.data) for __stdout
    printf6.o(i.__0vsnprintf$6) refers to printf6.o(i._printf_core) for _printf_core
    printf6.o(i.__0vsnprintf$6) refers to printf6.o(i._snputc) for _snputc
    printf6.o(i.__0vsprintf$6) refers to printf6.o(i._printf_core) for _printf_core
    printf6.o(i.__0vsprintf$6) refers to printf6.o(i._sputc) for _sputc
    printf6.o(i._printf_core) refers to printf6.o(i._printf_pre_padding) for _printf_pre_padding
    printf6.o(i._printf_core) refers to uidiv.o(.text) for __aeabi_uidivmod
    printf6.o(i._printf_core) refers to printf6.o(i._printf_post_padding) for _printf_post_padding
    printf7.o(i.__0fprintf$7) refers to printf7.o(i._printf_core) for _printf_core
    printf7.o(i.__0fprintf$7) refers to device.o(.text) for fputc
    printf7.o(i.__0printf$7) refers to printf7.o(i._printf_core) for _printf_core
    printf7.o(i.__0printf$7) refers to device.o(.text) for fputc
    printf7.o(i.__0printf$7) refers to stdout.o(.data) for __stdout
    printf7.o(i.__0snprintf$7) refers to printf7.o(i._printf_core) for _printf_core
    printf7.o(i.__0snprintf$7) refers to printf7.o(i._snputc) for _snputc
    printf7.o(i.__0sprintf$7) refers to printf7.o(i._printf_core) for _printf_core
    printf7.o(i.__0sprintf$7) refers to printf7.o(i._sputc) for _sputc
    printf7.o(i.__0vfprintf$7) refers to printf7.o(i._printf_core) for _printf_core
    printf7.o(i.__0vfprintf$7) refers to device.o(.text) for fputc
    printf7.o(i.__0vprintf$7) refers to printf7.o(i._printf_core) for _printf_core
    printf7.o(i.__0vprintf$7) refers to device.o(.text) for fputc
    printf7.o(i.__0vprintf$7) refers to stdout.o(.data) for __stdout
    printf7.o(i.__0vsnprintf$7) refers to printf7.o(i._printf_core) for _printf_core
    printf7.o(i.__0vsnprintf$7) refers to printf7.o(i._snputc) for _snputc
    printf7.o(i.__0vsprintf$7) refers to printf7.o(i._printf_core) for _printf_core
    printf7.o(i.__0vsprintf$7) refers to printf7.o(i._sputc) for _sputc
    printf7.o(i._printf_core) refers to printf7.o(i._printf_pre_padding) for _printf_pre_padding
    printf7.o(i._printf_core) refers to uldiv.o(.text) for __aeabi_uldivmod
    printf7.o(i._printf_core) refers to printf7.o(i._printf_post_padding) for _printf_post_padding
    printf8.o(i.__0fprintf$8) refers to printf8.o(i._printf_core) for _printf_core
    printf8.o(i.__0fprintf$8) refers to device.o(.text) for fputc
    printf8.o(i.__0printf$8) refers to printf8.o(i._printf_core) for _printf_core
    printf8.o(i.__0printf$8) refers to device.o(.text) for fputc
    printf8.o(i.__0printf$8) refers to stdout.o(.data) for __stdout
    printf8.o(i.__0snprintf$8) refers to printf8.o(i._printf_core) for _printf_core
    printf8.o(i.__0snprintf$8) refers to printf8.o(i._snputc) for _snputc
    printf8.o(i.__0sprintf$8) refers to printf8.o(i._printf_core) for _printf_core
    printf8.o(i.__0sprintf$8) refers to printf8.o(i._sputc) for _sputc
    printf8.o(i.__0vfprintf$8) refers to printf8.o(i._printf_core) for _printf_core
    printf8.o(i.__0vfprintf$8) refers to device.o(.text) for fputc
    printf8.o(i.__0vprintf$8) refers to printf8.o(i._printf_core) for _printf_core
    printf8.o(i.__0vprintf$8) refers to device.o(.text) for fputc
    printf8.o(i.__0vprintf$8) refers to stdout.o(.data) for __stdout
    printf8.o(i.__0vsnprintf$8) refers to printf8.o(i._printf_core) for _printf_core
    printf8.o(i.__0vsnprintf$8) refers to printf8.o(i._snputc) for _snputc
    printf8.o(i.__0vsprintf$8) refers to printf8.o(i._printf_core) for _printf_core
    printf8.o(i.__0vsprintf$8) refers to printf8.o(i._sputc) for _sputc
    printf8.o(i._printf_core) refers to printf8.o(i._printf_pre_padding) for _printf_pre_padding
    printf8.o(i._printf_core) refers to uldiv.o(.text) for __aeabi_uldivmod
    printf8.o(i._printf_core) refers to printf8.o(i._printf_post_padding) for _printf_post_padding
    printfa.o(i.__0fprintf) refers (Special) to iusefp.o(.text) for __I$use$fp
    printfa.o(i.__0fprintf) refers to printfa.o(i._printf_core) for _printf_core
    printfa.o(i.__0fprintf) refers to device.o(.text) for fputc
    printfa.o(i.__0printf) refers (Special) to iusefp.o(.text) for __I$use$fp
    printfa.o(i.__0printf) refers to printfa.o(i._printf_core) for _printf_core
    printfa.o(i.__0printf) refers to device.o(.text) for fputc
    printfa.o(i.__0printf) refers to stdout.o(.data) for __stdout
    printfa.o(i.__0snprintf) refers (Special) to iusefp.o(.text) for __I$use$fp
    printfa.o(i.__0snprintf) refers to printfa.o(i._printf_core) for _printf_core
    printfa.o(i.__0snprintf) refers to printfa.o(i._snputc) for _snputc
    printfa.o(i.__0sprintf) refers (Special) to iusefp.o(.text) for __I$use$fp
    printfa.o(i.__0sprintf) refers to printfa.o(i._printf_core) for _printf_core
    printfa.o(i.__0sprintf) refers to printfa.o(i._sputc) for _sputc
    printfa.o(i.__0vfprintf) refers (Special) to iusefp.o(.text) for __I$use$fp
    printfa.o(i.__0vfprintf) refers to printfa.o(i._printf_core) for _printf_core
    printfa.o(i.__0vfprintf) refers to device.o(.text) for fputc
    printfa.o(i.__0vprintf) refers (Special) to iusefp.o(.text) for __I$use$fp
    printfa.o(i.__0vprintf) refers to printfa.o(i._printf_core) for _printf_core
    printfa.o(i.__0vprintf) refers to device.o(.text) for fputc
    printfa.o(i.__0vprintf) refers to stdout.o(.data) for __stdout
    printfa.o(i.__0vsnprintf) refers (Special) to iusefp.o(.text) for __I$use$fp
    printfa.o(i.__0vsnprintf) refers to printfa.o(i._printf_core) for _printf_core
    printfa.o(i.__0vsnprintf) refers to printfa.o(i._snputc) for _snputc
    printfa.o(i.__0vsprintf) refers (Special) to iusefp.o(.text) for __I$use$fp
    printfa.o(i.__0vsprintf) refers to printfa.o(i._printf_core) for _printf_core
    printfa.o(i.__0vsprintf) refers to printfa.o(i._sputc) for _sputc
    printfa.o(i._fp_digits) refers (Special) to iusefp.o(.text) for __I$use$fp
    printfa.o(i._fp_digits) refers to dmul.o(.text) for __aeabi_dmul
    printfa.o(i._fp_digits) refers to ddiv.o(.text) for __aeabi_ddiv
    printfa.o(i._fp_digits) refers to cdrcmple.o(.text) for __aeabi_cdrcmple
    printfa.o(i._fp_digits) refers to dadd.o(.text) for __aeabi_dadd
    printfa.o(i._fp_digits) refers to dfixul.o(.text) for __aeabi_d2ulz
    printfa.o(i._fp_digits) refers to uldiv.o(.text) for __aeabi_uldivmod
    printfa.o(i._printf_core) refers (Special) to iusefp.o(.text) for __I$use$fp
    printfa.o(i._printf_core) refers to printfa.o(i._printf_pre_padding) for _printf_pre_padding
    printfa.o(i._printf_core) refers to uldiv.o(.text) for __aeabi_uldivmod
    printfa.o(i._printf_core) refers to printfa.o(i._printf_post_padding) for _printf_post_padding
    printfa.o(i._printf_core) refers to printfa.o(i._fp_digits) for _fp_digits
    printfa.o(i._printf_core) refers to uidiv.o(.text) for __aeabi_uidivmod
    printfa.o(i._printf_post_padding) refers (Special) to iusefp.o(.text) for __I$use$fp
    printfa.o(i._printf_pre_padding) refers (Special) to iusefp.o(.text) for __I$use$fp
    printfa.o(i._snputc) refers (Special) to iusefp.o(.text) for __I$use$fp
    printfa.o(i._sputc) refers (Special) to iusefp.o(.text) for __I$use$fp
    entry2.o(.ARM.Collect$$$$00000001) refers to entry2.o(.ARM.Collect$$$$00002712) for __lit__00000000
    entry2.o(.ARM.Collect$$$$00002712) refers to startup_stm32f10x_ld.o(STACK) for __initial_sp
    entry2.o(__vectab_stack_and_reset_area) refers to startup_stm32f10x_ld.o(STACK) for __initial_sp
    entry2.o(__vectab_stack_and_reset_area) refers to entry.o(.ARM.Collect$$$$00000000) for __main
    entry5.o(.ARM.Collect$$$$00000004) refers to init.o(.text) for __scatterload
    entry8.o(.ARM.Collect$$$$00000009) refers to main.o(.text) for main
    uldiv.o(.text) refers to llushr.o(.text) for __aeabi_llsr
    uldiv.o(.text) refers to llshl.o(.text) for __aeabi_llsl
    dadd.o(.text) refers to llshl.o(.text) for __aeabi_llsl
    dadd.o(.text) refers to llsshr.o(.text) for __aeabi_lasr
    dadd.o(.text) refers to depilogue.o(.text) for _double_epilogue
    dmul.o(.text) refers to depilogue.o(.text) for _double_epilogue
    ddiv.o(.text) refers to depilogue.o(.text) for _double_round
    dfixul.o(.text) refers to llushr.o(.text) for __aeabi_llsr
    dfixul.o(.text) refers to llshl.o(.text) for __aeabi_llsl
    init.o(.text) refers to entry5.o(.ARM.Collect$$$$00000004) for __main_after_scatterload
    depilogue.o(.text) refers to llshl.o(.text) for __aeabi_llsl
    depilogue.o(.text) refers to llushr.o(.text) for __aeabi_llsr


==============================================================================

Removing Unused input sections from the image.

    Removing core_cm3.o(.emb_text), (32 bytes).
    Removing startup_stm32f10x_ld.o(HEAP), (512 bytes).
    Removing stm32f10x_bkp.o(.text), (188 bytes).
    Removing stm32f10x_dma.o(.text), (592 bytes).
    Removing stm32f10x_exti.o(.text), (328 bytes).
    Removing stm32f10x_i2c.o(.text), (1130 bytes).
    Removing stm32f10x_tim.o(.text), (4048 bytes).
    Removing stm32f10x_adc.o(.text), (1240 bytes).
    Removing stm32f10x_can.o(.text), (2752 bytes).
    Removing stm32f10x_cec.o(.text), (328 bytes).
    Removing stm32f10x_crc.o(.text), (80 bytes).
    Removing stm32f10x_dac.o(.text), (412 bytes).
    Removing stm32f10x_dbgmcu.o(.text), (52 bytes).
    Removing stm32f10x_fsmc.o(.text), (1672 bytes).
    Removing stm32f10x_iwdg.o(.text), (68 bytes).
    Removing stm32f10x_pwr.o(.text), (220 bytes).
    Removing stm32f10x_rtc.o(.text), (376 bytes).
    Removing stm32f10x_sdio.o(.text), (548 bytes).
    Removing stm32f10x_wwdg.o(.text), (136 bytes).
    Removing md5.o(.text), (2608 bytes).
    Removing md5.o(.data), (64 bytes).
    Removing dadd.o(.text), (332 bytes).
    Removing dmul.o(.text), (224 bytes).
    Removing ddiv.o(.text), (222 bytes).
    Removing dfixul.o(.text), (48 bytes).
    Removing cdrcmple.o(.text), (40 bytes).
    Removing depilogue.o(.text), (190 bytes).

27 unused section(s) (total 18442 bytes) removed from the image.

==============================================================================

Image Symbol Table

    Local Symbols

    Symbol Name                              Value     Ov Type        Size  Object(Section)

    ../../microlib/division.c                0x00000000   Number         0  uldiv.o ABSOLUTE
    ../../microlib/division.c                0x00000000   Number         0  uidiv.o ABSOLUTE
    ../../microlib/fpadd.c                   0x00000000   Number         0  dadd.o ABSOLUTE
    ../../microlib/fpdiv.c                   0x00000000   Number         0  ddiv.o ABSOLUTE
    ../../microlib/fpepilogue.c              0x00000000   Number         0  depilogue.o ABSOLUTE
    ../../microlib/fpfix.c                   0x00000000   Number         0  dfixul.o ABSOLUTE
    ../../microlib/fpmul.c                   0x00000000   Number         0  dmul.o ABSOLUTE
    ../../microlib/init/entry.s              0x00000000   Number         0  entry2.o ABSOLUTE
    ../../microlib/init/entry.s              0x00000000   Number         0  entry8.o ABSOLUTE
    ../../microlib/init/entry.s              0x00000000   Number         0  entry7b.o ABSOLUTE
    ../../microlib/init/entry.s              0x00000000   Number         0  entry7a.o ABSOLUTE
    ../../microlib/init/entry.s              0x00000000   Number         0  entry5.o ABSOLUTE
    ../../microlib/init/entry.s              0x00000000   Number         0  entry.o ABSOLUTE
    ../../microlib/longlong.c                0x00000000   Number         0  llsshr.o ABSOLUTE
    ../../microlib/longlong.c                0x00000000   Number         0  llushr.o ABSOLUTE
    ../../microlib/longlong.c                0x00000000   Number         0  llshl.o ABSOLUTE
    ../../microlib/printf/printf.c           0x00000000   Number         0  printf4.o ABSOLUTE
    ../../microlib/printf/printf.c           0x00000000   Number         0  printf3.o ABSOLUTE
    ../../microlib/printf/printf.c           0x00000000   Number         0  printf2.o ABSOLUTE
    ../../microlib/printf/printf.c           0x00000000   Number         0  printfb.o ABSOLUTE
    ../../microlib/printf/printf.c           0x00000000   Number         0  printfa.o ABSOLUTE
    ../../microlib/printf/printf.c           0x00000000   Number         0  printf8.o ABSOLUTE
    ../../microlib/printf/printf.c           0x00000000   Number         0  printf0.o ABSOLUTE
    ../../microlib/printf/printf.c           0x00000000   Number         0  printf7.o ABSOLUTE
    ../../microlib/printf/printf.c           0x00000000   Number         0  printf1.o ABSOLUTE
    ../../microlib/printf/printf.c           0x00000000   Number         0  printf6.o ABSOLUTE
    ../../microlib/printf/printf.c           0x00000000   Number         0  printf5.o ABSOLUTE
    ../../microlib/printf/stubs.s            0x00000000   Number         0  stubs.o ABSOLUTE
    ../../microlib/stdio/streams.c           0x00000000   Number         0  stdout.o ABSOLUTE
    ../../microlib/string/memcpy.c           0x00000000   Number         0  memcpyb.o ABSOLUTE
    ../../microlib/string/memcpy.c           0x00000000   Number         0  memcpya.o ABSOLUTE
    ../../microlib/string/memset.c           0x00000000   Number         0  memseta.o ABSOLUTE
    ../../microlib/string/strcpy.c           0x00000000   Number         0  strcpy.o ABSOLUTE
    ../../microlib/string/strlen.c           0x00000000   Number         0  strlen.o ABSOLUTE
    ../../microlib/string/strncpy.c          0x00000000   Number         0  strncpy.o ABSOLUTE
    ../../microlib/string/strstr.c           0x00000000   Number         0  strstr.o ABSOLUTE
    ../../microlib/string/strtok.c           0x00000000   Number         0  strtok_r.o ABSOLUTE
    ../../microlib/string/strtok.c           0x00000000   Number         0  strtok.o ABSOLUTE
    ../../microlib/stubs.s                   0x00000000   Number         0  iusefp.o ABSOLUTE
    User\main.c                              0x00000000   Number         0  main.o ABSOLUTE
    User\stm32f10x_it.c                      0x00000000   Number         0  stm32f10x_it.o ABSOLUTE
    cdrcmple.s                               0x00000000   Number         0  cdrcmple.o ABSOLUTE
    dc.s                                     0x00000000   Number         0  dc.o ABSOLUTE
    flib\src\misc.c                          0x00000000   Number         0  misc.o ABSOLUTE
    flib\src\stm32f10x_adc.c                 0x00000000   Number         0  stm32f10x_adc.o ABSOLUTE
    flib\src\stm32f10x_bkp.c                 0x00000000   Number         0  stm32f10x_bkp.o ABSOLUTE
    flib\src\stm32f10x_can.c                 0x00000000   Number         0  stm32f10x_can.o ABSOLUTE
    flib\src\stm32f10x_cec.c                 0x00000000   Number         0  stm32f10x_cec.o ABSOLUTE
    flib\src\stm32f10x_crc.c                 0x00000000   Number         0  stm32f10x_crc.o ABSOLUTE
    flib\src\stm32f10x_dac.c                 0x00000000   Number         0  stm32f10x_dac.o ABSOLUTE
    flib\src\stm32f10x_dbgmcu.c              0x00000000   Number         0  stm32f10x_dbgmcu.o ABSOLUTE
    flib\src\stm32f10x_dma.c                 0x00000000   Number         0  stm32f10x_dma.o ABSOLUTE
    flib\src\stm32f10x_exti.c                0x00000000   Number         0  stm32f10x_exti.o ABSOLUTE
    flib\src\stm32f10x_flash.c               0x00000000   Number         0  stm32f10x_flash.o ABSOLUTE
    flib\src\stm32f10x_fsmc.c                0x00000000   Number         0  stm32f10x_fsmc.o ABSOLUTE
    flib\src\stm32f10x_gpio.c                0x00000000   Number         0  stm32f10x_gpio.o ABSOLUTE
    flib\src\stm32f10x_i2c.c                 0x00000000   Number         0  stm32f10x_i2c.o ABSOLUTE
    flib\src\stm32f10x_iwdg.c                0x00000000   Number         0  stm32f10x_iwdg.o ABSOLUTE
    flib\src\stm32f10x_pwr.c                 0x00000000   Number         0  stm32f10x_pwr.o ABSOLUTE
    flib\src\stm32f10x_rcc.c                 0x00000000   Number         0  stm32f10x_rcc.o ABSOLUTE
    flib\src\stm32f10x_rtc.c                 0x00000000   Number         0  stm32f10x_rtc.o ABSOLUTE
    flib\src\stm32f10x_sdio.c                0x00000000   Number         0  stm32f10x_sdio.o ABSOLUTE
    flib\src\stm32f10x_spi.c                 0x00000000   Number         0  stm32f10x_spi.o ABSOLUTE
    flib\src\stm32f10x_tim.c                 0x00000000   Number         0  stm32f10x_tim.o ABSOLUTE
    flib\src\stm32f10x_usart.c               0x00000000   Number         0  stm32f10x_usart.o ABSOLUTE
    flib\src\stm32f10x_wwdg.c                0x00000000   Number         0  stm32f10x_wwdg.o ABSOLUTE
    handlers.s                               0x00000000   Number         0  handlers.o ABSOLUTE
    init.s                                   0x00000000   Number         0  init.o ABSOLUTE
    system\\core_cm3.c                       0x00000000   Number         0  core_cm3.o ABSOLUTE
    system\core_cm3.c                        0x00000000   Number         0  core_cm3.o ABSOLUTE
    system\startup_stm32f10x_ld.s            0x00000000   Number         0  startup_stm32f10x_ld.o ABSOLUTE
    system\system_stm32f10x.c                0x00000000   Number         0  system_stm32f10x.o ABSOLUTE
    word\24c02\24c16.c                       0x00000000   Number         0  24c16.o ABSOLUTE
    word\device\device.c                     0x00000000   Number         0  device.o ABSOLUTE
    word\int\mcu_int.c                       0x00000000   Number         0  mcu_int.o ABSOLUTE
    word\md5\md5.c                           0x00000000   Number         0  md5.o ABSOLUTE
    word\socket\socket.c                     0x00000000   Number         0  socket.o ABSOLUTE
    word\spi\spi2.c                          0x00000000   Number         0  spi2.o ABSOLUTE
    word\ult\ult.c                           0x00000000   Number         0  ult.o ABSOLUTE
    word\w5500\w5500.c                       0x00000000   Number         0  w5500.o ABSOLUTE
    RESET                                    0x08000000   Section      236  startup_stm32f10x_ld.o(RESET)
    .ARM.Collect$$$$00000000                 0x080000ec   Section        0  entry.o(.ARM.Collect$$$$00000000)
    .ARM.Collect$$$$00000001                 0x080000ec   Section        4  entry2.o(.ARM.Collect$$$$00000001)
    .ARM.Collect$$$$00000004                 0x080000f0   Section        4  entry5.o(.ARM.Collect$$$$00000004)
    .ARM.Collect$$$$00000008                 0x080000f4   Section        0  entry7b.o(.ARM.Collect$$$$00000008)
    .ARM.Collect$$$$00000009                 0x080000f4   Section        8  entry8.o(.ARM.Collect$$$$00000009)
    .ARM.Collect$$$$00002712                 0x080000fc   Section        4  entry2.o(.ARM.Collect$$$$00002712)
    __lit__00000000                          0x080000fc   Data           4  entry2.o(.ARM.Collect$$$$00002712)
    .text                                    0x08000100   Section        0  main.o(.text)
    .text                                    0x08000310   Section        0  stm32f10x_it.o(.text)
    .text                                    0x0800032c   Section       36  startup_stm32f10x_ld.o(.text)
    .text                                    0x08000350   Section        0  system_stm32f10x.o(.text)
    SetSysClockTo72                          0x08000351   Thumb Code   200  system_stm32f10x.o(.text)
    SetSysClock                              0x08000419   Thumb Code     8  system_stm32f10x.o(.text)
    .text                                    0x08000530   Section        0  misc.o(.text)
    .text                                    0x08000630   Section        0  stm32f10x_flash.o(.text)
    .text                                    0x08000c98   Section        0  stm32f10x_gpio.o(.text)
    .text                                    0x08001044   Section        0  stm32f10x_spi.o(.text)
    .text                                    0x080013d4   Section        0  stm32f10x_usart.o(.text)
    .text                                    0x0800187c   Section        0  stm32f10x_rcc.o(.text)
    .text                                    0x08001c90   Section        0  24c16.o(.text)
    .text                                    0x08001f2c   Section        0  device.o(.text)
    .text                                    0x08002294   Section        0  mcu_int.o(.text)
    .text                                    0x0800245c   Section        0  socket.o(.text)
    .text                                    0x08002b28   Section        0  spi2.o(.text)
    .text                                    0x08002bd8   Section        0  ult.o(.text)
    .text                                    0x08002eb4   Section        0  w5500.o(.text)
    .text                                    0x080034dc   Section        0  memseta.o(.text)
    .text                                    0x08003502   Section        0  strstr.o(.text)
    .text                                    0x0800352e   Section        0  strncpy.o(.text)
    .text                                    0x08003546   Section        0  strlen.o(.text)
    .text                                    0x08003556   Section        0  strcpy.o(.text)
    .text                                    0x08003568   Section        0  strtok.o(.text)
    .text                                    0x080035ac   Section        0  uidiv.o(.text)
    .text                                    0x080035d8   Section       36  init.o(.text)
    i.__0printf$3                            0x080035fc   Section        0  printf3.o(i.__0printf$3)
    i.__scatterload_copy                     0x0800361c   Section       14  handlers.o(i.__scatterload_copy)
    i.__scatterload_null                     0x0800362a   Section        2  handlers.o(i.__scatterload_null)
    i.__scatterload_zeroinit                 0x0800362c   Section       14  handlers.o(i.__scatterload_zeroinit)
    i._printf_core                           0x0800363c   Section        0  printf3.o(i._printf_core)
    _printf_core                             0x0800363d   Thumb Code   432  printf3.o(i._printf_core)
    .data                                    0x20000000   Section       20  system_stm32f10x.o(.data)
    .data                                    0x20000014   Section       20  stm32f10x_rcc.o(.data)
    APBAHBPrescTable                         0x20000014   Data          16  stm32f10x_rcc.o(.data)
    ADCPrescTable                            0x20000024   Data           4  stm32f10x_rcc.o(.data)
    .data                                    0x20000028   Section       16  device.o(.data)
    .data                                    0x20000038   Section        2  socket.o(.data)
    local_port                               0x20000038   Data           2  socket.o(.data)
    .data                                    0x2000003a   Section        4  ult.o(.data)
    fac_us                                   0x2000003a   Data           1  ult.o(.data)
    fac_ms                                   0x2000003c   Data           2  ult.o(.data)
    .data                                    0x2000003e   Section        8  w5500.o(.data)
    I_STATUS                                 0x2000003e   Data           8  w5500.o(.data)
    .data                                    0x20000048   Section        4  strtok.o(.data)
    state                                    0x20000048   Data           4  strtok.o(.data)
    .data                                    0x2000004c   Section        4  stdout.o(.data)
    .bss                                     0x20000050   Section     2048  main.o(.bss)
    .bss                                     0x20000850   Section     1526  device.o(.bss)
    .bss                                     0x20000e46   Section       32  w5500.o(.bss)
    SSIZE                                    0x20000e46   Data          16  w5500.o(.bss)
    RSIZE                                    0x20000e56   Data          16  w5500.o(.bss)
    STACK                                    0x20000e68   Section     1024  startup_stm32f10x_ld.o(STACK)

    Global Symbols

    Symbol Name                              Value     Ov Type        Size  Object(Section)

    BuildAttributes$$THM_ISAv4$P$D$K$B$S$PE$A:L22UL41UL21$X:L11$S22US41US21$IEEE1$IW$USESV6$~STKCKD$USESV7$~SHL$OSPACE$ROPI$EBA8$MICROLIB$REQ8$PRES8$EABIv2 0x00000000   Number         0  anon$$obj.o ABSOLUTE
    __ARM_use_no_argv                        0x00000000   Number         0  main.o ABSOLUTE
    _printf_a                                0x00000000   Number         0  stubs.o ABSOLUTE
    _printf_c                                0x00000000   Number         0  stubs.o ABSOLUTE
    _printf_charcount                        0x00000000   Number         0  stubs.o ABSOLUTE
    _printf_d                                0x00000000   Number         0  stubs.o ABSOLUTE
    _printf_e                                0x00000000   Number         0  stubs.o ABSOLUTE
    _printf_f                                0x00000000   Number         0  stubs.o ABSOLUTE
    _printf_flags                            0x00000000   Number         0  stubs.o ABSOLUTE
    _printf_fp_dec                           0x00000000   Number         0  stubs.o ABSOLUTE
    _printf_fp_hex                           0x00000000   Number         0  stubs.o ABSOLUTE
    _printf_g                                0x00000000   Number         0  stubs.o ABSOLUTE
    _printf_i                                0x00000000   Number         0  stubs.o ABSOLUTE
    _printf_int_dec                          0x00000000   Number         0  stubs.o ABSOLUTE
    _printf_l                                0x00000000   Number         0  stubs.o ABSOLUTE
    _printf_lc                               0x00000000   Number         0  stubs.o ABSOLUTE
    _printf_ll                               0x00000000   Number         0  stubs.o ABSOLUTE
    _printf_lld                              0x00000000   Number         0  stubs.o ABSOLUTE
    _printf_lli                              0x00000000   Number         0  stubs.o ABSOLUTE
    _printf_llo                              0x00000000   Number         0  stubs.o ABSOLUTE
    _printf_llu                              0x00000000   Number         0  stubs.o ABSOLUTE
    _printf_llx                              0x00000000   Number         0  stubs.o ABSOLUTE
    _printf_longlong_dec                     0x00000000   Number         0  stubs.o ABSOLUTE
    _printf_longlong_hex                     0x00000000   Number         0  stubs.o ABSOLUTE
    _printf_longlong_oct                     0x00000000   Number         0  stubs.o ABSOLUTE
    _printf_ls                               0x00000000   Number         0  stubs.o ABSOLUTE
    _printf_mbtowc                           0x00000000   Number         0  stubs.o ABSOLUTE
    _printf_n                                0x00000000   Number         0  stubs.o ABSOLUTE
    _printf_o                                0x00000000   Number         0  stubs.o ABSOLUTE
    _printf_p                                0x00000000   Number         0  stubs.o ABSOLUTE
    _printf_percent                          0x00000000   Number         0  stubs.o ABSOLUTE
    _printf_pre_padding                      0x00000000   Number         0  stubs.o ABSOLUTE
    _printf_return_value                     0x00000000   Number         0  stubs.o ABSOLUTE
    _printf_s                                0x00000000   Number         0  stubs.o ABSOLUTE
    _printf_sizespec                         0x00000000   Number         0  stubs.o ABSOLUTE
    _printf_str                              0x00000000   Number         0  stubs.o ABSOLUTE
    _printf_truncate_signed                  0x00000000   Number         0  stubs.o ABSOLUTE
    _printf_truncate_unsigned                0x00000000   Number         0  stubs.o ABSOLUTE
    _printf_u                                0x00000000   Number         0  stubs.o ABSOLUTE
    _printf_wc                               0x00000000   Number         0  stubs.o ABSOLUTE
    _printf_wctomb                           0x00000000   Number         0  stubs.o ABSOLUTE
    _printf_widthprec                        0x00000000   Number         0  stubs.o ABSOLUTE
    _printf_x                                0x00000000   Number         0  stubs.o ABSOLUTE
    __decompress                              - Undefined Weak Reference
    _clock_init                               - Undefined Weak Reference
    __Vectors_Size                           0x000000ec   Number         0  startup_stm32f10x_ld.o ABSOLUTE
    __Vectors                                0x08000000   Data           4  startup_stm32f10x_ld.o(RESET)
    __Vectors_End                            0x080000ec   Data           0  startup_stm32f10x_ld.o(RESET)
    __main                                   0x080000ed   Thumb Code     0  entry.o(.ARM.Collect$$$$00000000)
    _main_stk                                0x080000ed   Thumb Code     0  entry2.o(.ARM.Collect$$$$00000001)
    _main_scatterload                        0x080000f1   Thumb Code     0  entry5.o(.ARM.Collect$$$$00000004)
    __main_after_scatterload                 0x080000f5   Thumb Code     0  entry5.o(.ARM.Collect$$$$00000004)
    _main_clock                              0x080000f5   Thumb Code     0  entry7b.o(.ARM.Collect$$$$00000008)
    _main_init                               0x080000f5   Thumb Code     0  entry8.o(.ARM.Collect$$$$00000009)
    main                                     0x08000101   Thumb Code   346  main.o(.text)
    NMI_Handler                              0x08000311   Thumb Code     2  stm32f10x_it.o(.text)
    HardFault_Handler                        0x08000313   Thumb Code     4  stm32f10x_it.o(.text)
    MemManage_Handler                        0x08000317   Thumb Code     4  stm32f10x_it.o(.text)
    BusFault_Handler                         0x0800031b   Thumb Code     4  stm32f10x_it.o(.text)
    UsageFault_Handler                       0x0800031f   Thumb Code     4  stm32f10x_it.o(.text)
    SVC_Handler                              0x08000323   Thumb Code     2  stm32f10x_it.o(.text)
    DebugMon_Handler                         0x08000325   Thumb Code     2  stm32f10x_it.o(.text)
    PendSV_Handler                           0x08000327   Thumb Code     2  stm32f10x_it.o(.text)
    SysTick_Handler                          0x08000329   Thumb Code     2  stm32f10x_it.o(.text)
    Reset_Handler                            0x0800032d   Thumb Code     8  startup_stm32f10x_ld.o(.text)
    ADC1_2_IRQHandler                        0x08000347   Thumb Code     0  startup_stm32f10x_ld.o(.text)
    CAN1_RX1_IRQHandler                      0x08000347   Thumb Code     0  startup_stm32f10x_ld.o(.text)
    CAN1_SCE_IRQHandler                      0x08000347   Thumb Code     0  startup_stm32f10x_ld.o(.text)
    DMA1_Channel1_IRQHandler                 0x08000347   Thumb Code     0  startup_stm32f10x_ld.o(.text)
    DMA1_Channel2_IRQHandler                 0x08000347   Thumb Code     0  startup_stm32f10x_ld.o(.text)
    DMA1_Channel3_IRQHandler                 0x08000347   Thumb Code     0  startup_stm32f10x_ld.o(.text)
    DMA1_Channel4_IRQHandler                 0x08000347   Thumb Code     0  startup_stm32f10x_ld.o(.text)
    DMA1_Channel5_IRQHandler                 0x08000347   Thumb Code     0  startup_stm32f10x_ld.o(.text)
    DMA1_Channel6_IRQHandler                 0x08000347   Thumb Code     0  startup_stm32f10x_ld.o(.text)
    DMA1_Channel7_IRQHandler                 0x08000347   Thumb Code     0  startup_stm32f10x_ld.o(.text)
    EXTI0_IRQHandler                         0x08000347   Thumb Code     0  startup_stm32f10x_ld.o(.text)
    EXTI15_10_IRQHandler                     0x08000347   Thumb Code     0  startup_stm32f10x_ld.o(.text)
    EXTI1_IRQHandler                         0x08000347   Thumb Code     0  startup_stm32f10x_ld.o(.text)
    EXTI2_IRQHandler                         0x08000347   Thumb Code     0  startup_stm32f10x_ld.o(.text)
    EXTI3_IRQHandler                         0x08000347   Thumb Code     0  startup_stm32f10x_ld.o(.text)
    EXTI4_IRQHandler                         0x08000347   Thumb Code     0  startup_stm32f10x_ld.o(.text)
    EXTI9_5_IRQHandler                       0x08000347   Thumb Code     0  startup_stm32f10x_ld.o(.text)
    FLASH_IRQHandler                         0x08000347   Thumb Code     0  startup_stm32f10x_ld.o(.text)
    I2C1_ER_IRQHandler                       0x08000347   Thumb Code     0  startup_stm32f10x_ld.o(.text)
    I2C1_EV_IRQHandler                       0x08000347   Thumb Code     0  startup_stm32f10x_ld.o(.text)
    PVD_IRQHandler                           0x08000347   Thumb Code     0  startup_stm32f10x_ld.o(.text)
    RCC_IRQHandler                           0x08000347   Thumb Code     0  startup_stm32f10x_ld.o(.text)
    RTCAlarm_IRQHandler                      0x08000347   Thumb Code     0  startup_stm32f10x_ld.o(.text)
    RTC_IRQHandler                           0x08000347   Thumb Code     0  startup_stm32f10x_ld.o(.text)
    SPI1_IRQHandler                          0x08000347   Thumb Code     0  startup_stm32f10x_ld.o(.text)
    TAMPER_IRQHandler                        0x08000347   Thumb Code     0  startup_stm32f10x_ld.o(.text)
    TIM1_BRK_IRQHandler                      0x08000347   Thumb Code     0  startup_stm32f10x_ld.o(.text)
    TIM1_CC_IRQHandler                       0x08000347   Thumb Code     0  startup_stm32f10x_ld.o(.text)
    TIM1_TRG_COM_IRQHandler                  0x08000347   Thumb Code     0  startup_stm32f10x_ld.o(.text)
    TIM1_UP_IRQHandler                       0x08000347   Thumb Code     0  startup_stm32f10x_ld.o(.text)
    TIM2_IRQHandler                          0x08000347   Thumb Code     0  startup_stm32f10x_ld.o(.text)
    TIM3_IRQHandler                          0x08000347   Thumb Code     0  startup_stm32f10x_ld.o(.text)
    USART2_IRQHandler                        0x08000347   Thumb Code     0  startup_stm32f10x_ld.o(.text)
    USBWakeUp_IRQHandler                     0x08000347   Thumb Code     0  startup_stm32f10x_ld.o(.text)
    USB_HP_CAN1_TX_IRQHandler                0x08000347   Thumb Code     0  startup_stm32f10x_ld.o(.text)
    USB_LP_CAN1_RX0_IRQHandler               0x08000347   Thumb Code     0  startup_stm32f10x_ld.o(.text)
    WWDG_IRQHandler                          0x08000347   Thumb Code     0  startup_stm32f10x_ld.o(.text)
    SystemInit                               0x08000421   Thumb Code    82  system_stm32f10x.o(.text)
    SystemCoreClockUpdate                    0x08000473   Thumb Code   154  system_stm32f10x.o(.text)
    NVIC_PriorityGroupConfig                 0x08000531   Thumb Code    12  misc.o(.text)
    NVIC_Init                                0x0800053d   Thumb Code   128  misc.o(.text)
    NVIC_SetVectorTable                      0x080005bd   Thumb Code    16  misc.o(.text)
    NVIC_SystemLPConfig                      0x080005cd   Thumb Code    30  misc.o(.text)
    SysTick_CLKSourceConfig                  0x080005eb   Thumb Code    40  misc.o(.text)
    FLASH_SetLatency                         0x08000631   Thumb Code    22  stm32f10x_flash.o(.text)
    FLASH_HalfCycleAccessCmd                 0x08000647   Thumb Code    24  stm32f10x_flash.o(.text)
    FLASH_PrefetchBufferCmd                  0x0800065f   Thumb Code    24  stm32f10x_flash.o(.text)
    FLASH_Unlock                             0x08000677   Thumb Code    12  stm32f10x_flash.o(.text)
    FLASH_UnlockBank1                        0x08000683   Thumb Code    12  stm32f10x_flash.o(.text)
    FLASH_Lock                               0x0800068f   Thumb Code    14  stm32f10x_flash.o(.text)
    FLASH_LockBank1                          0x0800069d   Thumb Code    14  stm32f10x_flash.o(.text)
    FLASH_GetBank1Status                     0x080006ab   Thumb Code    60  stm32f10x_flash.o(.text)
    FLASH_WaitForLastOperation               0x080006e7   Thumb Code    44  stm32f10x_flash.o(.text)
    FLASH_ErasePage                          0x08000713   Thumb Code    76  stm32f10x_flash.o(.text)
    FLASH_EraseAllPages                      0x0800075f   Thumb Code    72  stm32f10x_flash.o(.text)
    FLASH_WaitForLastBank1Operation          0x080007a7   Thumb Code    44  stm32f10x_flash.o(.text)
    FLASH_EraseAllBank1Pages                 0x080007d3   Thumb Code    72  stm32f10x_flash.o(.text)
    FLASH_GetReadOutProtectionStatus         0x0800081b   Thumb Code    26  stm32f10x_flash.o(.text)
    FLASH_EraseOptionBytes                   0x08000835   Thumb Code   164  stm32f10x_flash.o(.text)
    FLASH_ProgramWord                        0x080008d9   Thumb Code   114  stm32f10x_flash.o(.text)
    FLASH_ProgramHalfWord                    0x0800094b   Thumb Code    68  stm32f10x_flash.o(.text)
    FLASH_ProgramOptionByteData              0x0800098f   Thumb Code    80  stm32f10x_flash.o(.text)
    FLASH_EnableWriteProtection              0x080009df   Thumb Code   212  stm32f10x_flash.o(.text)
    FLASH_ReadOutProtection                  0x08000ab3   Thumb Code   168  stm32f10x_flash.o(.text)
    FLASH_UserOptionByteConfig               0x08000b5b   Thumb Code    98  stm32f10x_flash.o(.text)
    FLASH_GetUserOptionByte                  0x08000bbd   Thumb Code     8  stm32f10x_flash.o(.text)
    FLASH_GetWriteProtectionOptionByte       0x08000bc5   Thumb Code     6  stm32f10x_flash.o(.text)
    FLASH_GetPrefetchBufferStatus            0x08000bcb   Thumb Code    26  stm32f10x_flash.o(.text)
    FLASH_ITConfig                           0x08000be5   Thumb Code    30  stm32f10x_flash.o(.text)
    FLASH_GetFlagStatus                      0x08000c03   Thumb Code    52  stm32f10x_flash.o(.text)
    FLASH_ClearFlag                          0x08000c37   Thumb Code     6  stm32f10x_flash.o(.text)
    FLASH_GetStatus                          0x08000c3d   Thumb Code    60  stm32f10x_flash.o(.text)
    GPIO_DeInit                              0x08000c99   Thumb Code   172  stm32f10x_gpio.o(.text)
    GPIO_AFIODeInit                          0x08000d45   Thumb Code    20  stm32f10x_gpio.o(.text)
    GPIO_Init                                0x08000d59   Thumb Code   292  stm32f10x_gpio.o(.text)
    GPIO_StructInit                          0x08000e7d   Thumb Code    20  stm32f10x_gpio.o(.text)
    GPIO_ReadInputDataBit                    0x08000e91   Thumb Code    24  stm32f10x_gpio.o(.text)
    GPIO_ReadInputData                       0x08000ea9   Thumb Code     8  stm32f10x_gpio.o(.text)
    GPIO_ReadOutputDataBit                   0x08000eb1   Thumb Code    24  stm32f10x_gpio.o(.text)
    GPIO_ReadOutputData                      0x08000ec9   Thumb Code     8  stm32f10x_gpio.o(.text)
    GPIO_SetBits                             0x08000ed1   Thumb Code     4  stm32f10x_gpio.o(.text)
    GPIO_ResetBits                           0x08000ed5   Thumb Code     4  stm32f10x_gpio.o(.text)
    GPIO_WriteBit                            0x08000ed9   Thumb Code    10  stm32f10x_gpio.o(.text)
    GPIO_Write                               0x08000ee3   Thumb Code     4  stm32f10x_gpio.o(.text)
    GPIO_PinLockConfig                       0x08000ee7   Thumb Code    20  stm32f10x_gpio.o(.text)
    GPIO_EventOutputConfig                   0x08000efb   Thumb Code    32  stm32f10x_gpio.o(.text)
    GPIO_EventOutputCmd                      0x08000f1b   Thumb Code     6  stm32f10x_gpio.o(.text)
    GPIO_PinRemapConfig                      0x08000f21   Thumb Code   156  stm32f10x_gpio.o(.text)
    GPIO_EXTILineConfig                      0x08000fbd   Thumb Code    84  stm32f10x_gpio.o(.text)
    GPIO_ETH_MediaInterfaceConfig            0x08001011   Thumb Code     6  stm32f10x_gpio.o(.text)
    SPI_I2S_DeInit                           0x08001045   Thumb Code    76  stm32f10x_spi.o(.text)
    SPI_Init                                 0x08001091   Thumb Code    80  stm32f10x_spi.o(.text)
    I2S_Init                                 0x080010e1   Thumb Code   250  stm32f10x_spi.o(.text)
    SPI_StructInit                           0x080011db   Thumb Code    28  stm32f10x_spi.o(.text)
    I2S_StructInit                           0x080011f7   Thumb Code    26  stm32f10x_spi.o(.text)
    SPI_Cmd                                  0x08001211   Thumb Code    26  stm32f10x_spi.o(.text)
    I2S_Cmd                                  0x0800122b   Thumb Code    26  stm32f10x_spi.o(.text)
    SPI_I2S_ITConfig                         0x08001245   Thumb Code    50  stm32f10x_spi.o(.text)
    SPI_I2S_DMACmd                           0x08001277   Thumb Code    30  stm32f10x_spi.o(.text)
    SPI_I2S_SendData                         0x08001295   Thumb Code     4  stm32f10x_spi.o(.text)
    SPI_I2S_ReceiveData                      0x08001299   Thumb Code     6  stm32f10x_spi.o(.text)
    SPI_NSSInternalSoftwareConfig            0x0800129f   Thumb Code    32  stm32f10x_spi.o(.text)
    SPI_SSOutputCmd                          0x080012bf   Thumb Code    26  stm32f10x_spi.o(.text)
    SPI_DataSizeConfig                       0x080012d9   Thumb Code    22  stm32f10x_spi.o(.text)
    SPI_TransmitCRC                          0x080012ef   Thumb Code    10  stm32f10x_spi.o(.text)
    SPI_CalculateCRC                         0x080012f9   Thumb Code    26  stm32f10x_spi.o(.text)
    SPI_GetCRC                               0x08001313   Thumb Code    18  stm32f10x_spi.o(.text)
    SPI_GetCRCPolynomial                     0x08001325   Thumb Code     6  stm32f10x_spi.o(.text)
    SPI_BiDirectionalLineConfig              0x0800132b   Thumb Code    30  stm32f10x_spi.o(.text)
    SPI_I2S_GetFlagStatus                    0x08001349   Thumb Code    24  stm32f10x_spi.o(.text)
    SPI_I2S_ClearFlag                        0x08001361   Thumb Code     8  stm32f10x_spi.o(.text)
    SPI_I2S_GetITStatus                      0x08001369   Thumb Code    68  stm32f10x_spi.o(.text)
    SPI_I2S_ClearITPendingBit                0x080013ad   Thumb Code    28  stm32f10x_spi.o(.text)
    USART_DeInit                             0x080013d5   Thumb Code   134  stm32f10x_usart.o(.text)
    USART_Init                               0x0800145b   Thumb Code   250  stm32f10x_usart.o(.text)
    USART_StructInit                         0x08001555   Thumb Code    30  stm32f10x_usart.o(.text)
    USART_ClockInit                          0x08001573   Thumb Code    46  stm32f10x_usart.o(.text)
    USART_ClockStructInit                    0x080015a1   Thumb Code    14  stm32f10x_usart.o(.text)
    USART_Cmd                                0x080015af   Thumb Code    26  stm32f10x_usart.o(.text)
    USART_ITConfig                           0x080015c9   Thumb Code    88  stm32f10x_usart.o(.text)
    USART_DMACmd                             0x08001621   Thumb Code    30  stm32f10x_usart.o(.text)
    USART_SetAddress                         0x0800163f   Thumb Code    22  stm32f10x_usart.o(.text)
    USART_WakeUpConfig                       0x08001655   Thumb Code    22  stm32f10x_usart.o(.text)
    USART_ReceiverWakeUpCmd                  0x0800166b   Thumb Code    26  stm32f10x_usart.o(.text)
    USART_LINBreakDetectLengthConfig         0x08001685   Thumb Code    22  stm32f10x_usart.o(.text)
    USART_LINCmd                             0x0800169b   Thumb Code    26  stm32f10x_usart.o(.text)
    USART_SendData                           0x080016b5   Thumb Code     8  stm32f10x_usart.o(.text)
    USART_ReceiveData                        0x080016bd   Thumb Code    10  stm32f10x_usart.o(.text)
    USART_SendBreak                          0x080016c7   Thumb Code    10  stm32f10x_usart.o(.text)
    USART_SetGuardTime                       0x080016d1   Thumb Code    16  stm32f10x_usart.o(.text)
    USART_SetPrescaler                       0x080016e1   Thumb Code    18  stm32f10x_usart.o(.text)
    USART_SmartCardCmd                       0x080016f3   Thumb Code    26  stm32f10x_usart.o(.text)
    USART_SmartCardNACKCmd                   0x0800170d   Thumb Code    26  stm32f10x_usart.o(.text)
    USART_HalfDuplexCmd                      0x08001727   Thumb Code    26  stm32f10x_usart.o(.text)
    USART_OverSampling8Cmd                   0x08001741   Thumb Code    22  stm32f10x_usart.o(.text)
    USART_OneBitMethodCmd                    0x08001757   Thumb Code    26  stm32f10x_usart.o(.text)
    USART_IrDAConfig                         0x08001771   Thumb Code    22  stm32f10x_usart.o(.text)
    USART_IrDACmd                            0x08001787   Thumb Code    26  stm32f10x_usart.o(.text)
    USART_GetFlagStatus                      0x080017a1   Thumb Code    54  stm32f10x_usart.o(.text)
    USART_ClearFlag                          0x080017d7   Thumb Code    20  stm32f10x_usart.o(.text)
    USART_GetITStatus                        0x080017eb   Thumb Code   104  stm32f10x_usart.o(.text)
    USART_ClearITPendingBit                  0x08001853   Thumb Code    40  stm32f10x_usart.o(.text)
    RCC_DeInit                               0x0800187d   Thumb Code    68  stm32f10x_rcc.o(.text)
    RCC_HSEConfig                            0x080018c1   Thumb Code    70  stm32f10x_rcc.o(.text)
    RCC_GetFlagStatus                        0x08001907   Thumb Code    68  stm32f10x_rcc.o(.text)
    RCC_WaitForHSEStartUp                    0x0800194b   Thumb Code    56  stm32f10x_rcc.o(.text)
    RCC_AdjustHSICalibrationValue            0x08001983   Thumb Code    22  stm32f10x_rcc.o(.text)
    RCC_HSICmd                               0x08001999   Thumb Code     6  stm32f10x_rcc.o(.text)
    RCC_PLLConfig                            0x0800199f   Thumb Code    28  stm32f10x_rcc.o(.text)
    RCC_PLLCmd                               0x080019bb   Thumb Code     6  stm32f10x_rcc.o(.text)
    RCC_SYSCLKConfig                         0x080019c1   Thumb Code    22  stm32f10x_rcc.o(.text)
    RCC_GetSYSCLKSource                      0x080019d7   Thumb Code    10  stm32f10x_rcc.o(.text)
    RCC_HCLKConfig                           0x080019e1   Thumb Code    22  stm32f10x_rcc.o(.text)
    RCC_PCLK1Config                          0x080019f7   Thumb Code    22  stm32f10x_rcc.o(.text)
    RCC_PCLK2Config                          0x08001a0d   Thumb Code    22  stm32f10x_rcc.o(.text)
    RCC_ITConfig                             0x08001a23   Thumb Code    36  stm32f10x_rcc.o(.text)
    RCC_USBCLKConfig                         0x08001a47   Thumb Code     6  stm32f10x_rcc.o(.text)
    RCC_ADCCLKConfig                         0x08001a4d   Thumb Code    22  stm32f10x_rcc.o(.text)
    RCC_LSEConfig                            0x08001a63   Thumb Code    50  stm32f10x_rcc.o(.text)
    RCC_LSICmd                               0x08001a95   Thumb Code     6  stm32f10x_rcc.o(.text)
    RCC_RTCCLKConfig                         0x08001a9b   Thumb Code    14  stm32f10x_rcc.o(.text)
    RCC_RTCCLKCmd                            0x08001aa9   Thumb Code     6  stm32f10x_rcc.o(.text)
    RCC_GetClocksFreq                        0x08001aaf   Thumb Code   216  stm32f10x_rcc.o(.text)
    RCC_AHBPeriphClockCmd                    0x08001b87   Thumb Code    30  stm32f10x_rcc.o(.text)
    RCC_APB2PeriphClockCmd                   0x08001ba5   Thumb Code    30  stm32f10x_rcc.o(.text)
    RCC_APB1PeriphClockCmd                   0x08001bc3   Thumb Code    30  stm32f10x_rcc.o(.text)
    RCC_APB2PeriphResetCmd                   0x08001be1   Thumb Code    30  stm32f10x_rcc.o(.text)
    RCC_APB1PeriphResetCmd                   0x08001bff   Thumb Code    30  stm32f10x_rcc.o(.text)
    RCC_BackupResetCmd                       0x08001c1d   Thumb Code     6  stm32f10x_rcc.o(.text)
    RCC_ClockSecuritySystemCmd               0x08001c23   Thumb Code     6  stm32f10x_rcc.o(.text)
    RCC_MCOConfig                            0x08001c29   Thumb Code     6  stm32f10x_rcc.o(.text)
    RCC_ClearFlag                            0x08001c2f   Thumb Code    14  stm32f10x_rcc.o(.text)
    RCC_GetITStatus                          0x08001c3d   Thumb Code    26  stm32f10x_rcc.o(.text)
    RCC_ClearITPendingBit                    0x08001c57   Thumb Code    58  stm32f10x_rcc.o(.text)
    at24c16_init                             0x08001c91   Thumb Code    68  24c16.o(.text)
    at24c16_start                            0x08001cd5   Thumb Code    42  24c16.o(.text)
    at24c16_stop                             0x08001cff   Thumb Code    34  24c16.o(.text)
    write_1byte                              0x08001d21   Thumb Code   116  24c16.o(.text)
    read_1byte                               0x08001d95   Thumb Code   110  24c16.o(.text)
    clock                                    0x08001e03   Thumb Code    62  24c16.o(.text)
    at24c16_write                            0x08001e41   Thumb Code    84  24c16.o(.text)
    at24c16_read                             0x08001e95   Thumb Code    70  24c16.o(.text)
    eep_block_write                          0x08001edb   Thumb Code    44  24c16.o(.text)
    erase_eeprom                             0x08001f07   Thumb Code    32  24c16.o(.text)
    Reset_W5500                              0x08001f2d   Thumb Code    34  device.o(.text)
    reboot                                   0x08001f4f   Thumb Code    14  device.o(.text)
    USART1_Init                              0x08001f5d   Thumb Code   138  device.o(.text)
    fputc                                    0x08001fe7   Thumb Code    32  device.o(.text)
    USART1_Putc                              0x08002007   Thumb Code    28  device.o(.text)
    USART1_Puts                              0x08002023   Thumb Code    38  device.o(.text)
    USART1_IRQHandler                        0x08002049   Thumb Code    70  device.o(.text)
    set_network                              0x0800208f   Thumb Code   146  device.o(.text)
    write_config_to_eeprom                   0x08002121   Thumb Code    52  device.o(.text)
    set_default                              0x08002155   Thumb Code   114  device.o(.text)
    get_config                               0x080021c7   Thumb Code    98  device.o(.text)
    GPIO_Configuration                       0x08002295   Thumb Code   212  mcu_int.o(.text)
    RCC_Configuration                        0x08002369   Thumb Code   124  mcu_int.o(.text)
    NVIC_Configuration                       0x080023e5   Thumb Code   102  mcu_int.o(.text)
    close                                    0x0800245d   Thumb Code    54  socket.o(.text)
    socket                                   0x08002493   Thumb Code   202  socket.o(.text)
    listen                                   0x0800255d   Thumb Code    66  socket.o(.text)
    connect                                  0x0800259f   Thumb Code   254  socket.o(.text)
    disconnect                               0x0800269d   Thumb Code    40  socket.o(.text)
    send                                     0x080026c5   Thumb Code   220  socket.o(.text)
    recv                                     0x080027a1   Thumb Code    68  socket.o(.text)
    sendto                                   0x080027e5   Thumb Code   292  socket.o(.text)
    recvfrom                                 0x08002909   Thumb Code   518  socket.o(.text)
    WIZ_SPI_Init                             0x08002b29   Thumb Code    88  spi2.o(.text)
    WIZ_CS                                   0x08002b81   Thumb Code    30  spi2.o(.text)
    SPI2_SendByte                            0x08002b9f   Thumb Code    50  spi2.o(.text)
    Systick_Init                             0x08002bd9   Thumb Code    50  ult.o(.text)
    Delay_ms                                 0x08002c0b   Thumb Code    62  ult.o(.text)
    Delay_s                                  0x08002c49   Thumb Code    24  ult.o(.text)
    Delay_us                                 0x08002c61   Thumb Code    62  ult.o(.text)
    C2D                                      0x08002c9f   Thumb Code    54  ult.o(.text)
    ATOI                                     0x08002cd5   Thumb Code    34  ult.o(.text)
    ATOI32                                   0x08002cf7   Thumb Code    34  ult.o(.text)
    itoa                                     0x08002d19   Thumb Code    76  ult.o(.text)
    ValidATOI                                0x08002d65   Thumb Code    74  ult.o(.text)
    replacetochar                            0x08002daf   Thumb Code    30  ult.o(.text)
    swaps                                    0x08002dcd   Thumb Code    20  ult.o(.text)
    swapl                                    0x08002de1   Thumb Code    32  ult.o(.text)
    mid                                      0x08002e01   Thumb Code    70  ult.o(.text)
    inet_addr_                               0x08002e47   Thumb Code    96  ult.o(.text)
    getISR                                   0x08002eb5   Thumb Code     8  w5500.o(.text)
    putISR                                   0x08002ebd   Thumb Code     6  w5500.o(.text)
    getIINCHIP_RxMAX                         0x08002ec3   Thumb Code    10  w5500.o(.text)
    getIINCHIP_TxMAX                         0x08002ecd   Thumb Code    10  w5500.o(.text)
    IINCHIP_CSoff                            0x08002ed7   Thumb Code    10  w5500.o(.text)
    IINCHIP_CSon                             0x08002ee1   Thumb Code    10  w5500.o(.text)
    IINCHIP_SpiSendData                      0x08002eeb   Thumb Code    12  w5500.o(.text)
    IINCHIP_WRITE                            0x08002ef7   Thumb Code    50  w5500.o(.text)
    IINCHIP_READ                             0x08002f29   Thumb Code    52  w5500.o(.text)
    wiz_write_buf                            0x08002f5d   Thumb Code    86  w5500.o(.text)
    wiz_read_buf                             0x08002fb3   Thumb Code    84  w5500.o(.text)
    setMR                                    0x08003007   Thumb Code    16  w5500.o(.text)
    iinchip_init                             0x08003017   Thumb Code    10  w5500.o(.text)
    sysinit                                  0x08003021   Thumb Code   308  w5500.o(.text)
    setGAR                                   0x08003155   Thumb Code    20  w5500.o(.text)
    getGWIP                                  0x08003169   Thumb Code    20  w5500.o(.text)
    setSUBR                                  0x0800317d   Thumb Code    20  w5500.o(.text)
    setSHAR                                  0x08003191   Thumb Code    20  w5500.o(.text)
    setSIPR                                  0x080031a5   Thumb Code    20  w5500.o(.text)
    getGAR                                   0x080031b9   Thumb Code    20  w5500.o(.text)
    getSUBR                                  0x080031cd   Thumb Code    20  w5500.o(.text)
    getSHAR                                  0x080031e1   Thumb Code    20  w5500.o(.text)
    getSIPR                                  0x080031f5   Thumb Code    20  w5500.o(.text)
    getIR                                    0x08003209   Thumb Code    12  w5500.o(.text)
    setRTR                                   0x08003215   Thumb Code    28  w5500.o(.text)
    setRCR                                   0x08003231   Thumb Code    16  w5500.o(.text)
    clearIR                                  0x08003241   Thumb Code    26  w5500.o(.text)
    setSn_MSS                                0x0800325b   Thumb Code    38  w5500.o(.text)
    setSn_TTL                                0x08003281   Thumb Code    60  w5500.o(.text)
    getSn_IR                                 0x080032bd   Thumb Code    18  w5500.o(.text)
    getSn_SR                                 0x080032cf   Thumb Code    18  w5500.o(.text)
    getSn_TX_FSR                             0x080032e1   Thumb Code    86  w5500.o(.text)
    getSn_RX_RSR                             0x08003337   Thumb Code    86  w5500.o(.text)
    send_data_processing                     0x0800338d   Thumb Code   124  w5500.o(.text)
    recv_data_processing                     0x08003409   Thumb Code   124  w5500.o(.text)
    setSn_IR                                 0x08003485   Thumb Code    22  w5500.o(.text)
    __aeabi_memset                           0x080034dd   Thumb Code    14  memseta.o(.text)
    __aeabi_memset4                          0x080034dd   Thumb Code     0  memseta.o(.text)
    __aeabi_memset8                          0x080034dd   Thumb Code     0  memseta.o(.text)
    __aeabi_memclr                           0x080034eb   Thumb Code     4  memseta.o(.text)
    __aeabi_memclr4                          0x080034eb   Thumb Code     0  memseta.o(.text)
    __aeabi_memclr8                          0x080034eb   Thumb Code     0  memseta.o(.text)
    _memset$wrapper                          0x080034ef   Thumb Code    20  memseta.o(.text)
    strstr                                   0x08003503   Thumb Code    44  strstr.o(.text)
    strncpy                                  0x0800352f   Thumb Code    24  strncpy.o(.text)
    strlen                                   0x08003547   Thumb Code    16  strlen.o(.text)
    strcpy                                   0x08003557   Thumb Code    18  strcpy.o(.text)
    strtok                                   0x08003569   Thumb Code    62  strtok.o(.text)
    __aeabi_uidiv                            0x080035ad   Thumb Code     0  uidiv.o(.text)
    __aeabi_uidivmod                         0x080035ad   Thumb Code    44  uidiv.o(.text)
    __scatterload                            0x080035d9   Thumb Code    28  init.o(.text)
    __scatterload_rt2                        0x080035d9   Thumb Code     0  init.o(.text)
    __0printf$3                              0x080035fd   Thumb Code    22  printf3.o(i.__0printf$3)
    __1printf$3                              0x080035fd   Thumb Code     0  printf3.o(i.__0printf$3)
    __2printf                                0x080035fd   Thumb Code     0  printf3.o(i.__0printf$3)
    __scatterload_copy                       0x0800361d   Thumb Code    14  handlers.o(i.__scatterload_copy)
    __scatterload_null                       0x0800362b   Thumb Code     2  handlers.o(i.__scatterload_null)
    __scatterload_zeroinit                   0x0800362d   Thumb Code    14  handlers.o(i.__scatterload_zeroinit)
    Region$$Table$$Base                      0x080037f0   Number         0  anon$$obj.o(Region$$Table)
    Region$$Table$$Limit                     0x08003810   Number         0  anon$$obj.o(Region$$Table)
    SystemCoreClock                          0x20000000   Data           4  system_stm32f10x.o(.data)
    AHBPrescTable                            0x20000004   Data          16  system_stm32f10x.o(.data)
    txsize                                   0x20000028   Data           8  device.o(.data)
    rxsize                                   0x20000030   Data           8  device.o(.data)
    __stdout                                 0x2000004c   Data           4  stdout.o(.data)
    buffer                                   0x20000050   Data        2048  main.o(.bss)
    ConfigMsg                                0x20000850   Data          33  device.o(.bss)
    RecvMsg                                  0x20000871   Data          33  device.o(.bss)
    pub_buf                                  0x20000892   Data        1460  device.o(.bss)
    __initial_sp                             0x20001268   Data           0  startup_stm32f10x_ld.o(STACK)



==============================================================================

Memory Map of the image

  Image Entry point : 0x080000ed

  Load Region LR_IROM1 (Base: 0x08000000, Size: 0x00003860, Max: 0x00040000, ABSOLUTE)

    Execution Region ER_IROM1 (Base: 0x08000000, Size: 0x00003810, Max: 0x00040000, ABSOLUTE)

    Base Addr    Size         Type   Attr      Idx    E Section Name        Object

    0x08000000   0x000000ec   Data   RO          171    RESET               startup_stm32f10x_ld.o
    0x080000ec   0x00000000   Code   RO          691  * .ARM.Collect$$$$00000000  mc_w.l(entry.o)
    0x080000ec   0x00000004   Code   RO          975    .ARM.Collect$$$$00000001  mc_w.l(entry2.o)
    0x080000f0   0x00000004   Code   RO          978    .ARM.Collect$$$$00000004  mc_w.l(entry5.o)
    0x080000f4   0x00000000   Code   RO          980    .ARM.Collect$$$$00000008  mc_w.l(entry7b.o)
    0x080000f4   0x00000008   Code   RO          981    .ARM.Collect$$$$00000009  mc_w.l(entry8.o)
    0x080000fc   0x00000004   Code   RO          976    .ARM.Collect$$$$00002712  mc_w.l(entry2.o)
    0x08000100   0x00000210   Code   RO            1    .text               main.o
    0x08000310   0x0000001a   Code   RO          143    .text               stm32f10x_it.o
    0x0800032a   0x00000002   PAD
    0x0800032c   0x00000024   Code   RO          172    .text               startup_stm32f10x_ld.o
    0x08000350   0x000001e0   Code   RO          176    .text               system_stm32f10x.o
    0x08000530   0x00000100   Code   RO          213    .text               misc.o
    0x08000630   0x00000668   Code   RO          261    .text               stm32f10x_flash.o
    0x08000c98   0x000003ac   Code   RO          273    .text               stm32f10x_gpio.o
    0x08001044   0x00000390   Code   RO          297    .text               stm32f10x_spi.o
    0x080013d4   0x000004a6   Code   RO          321    .text               stm32f10x_usart.o
    0x0800187a   0x00000002   PAD
    0x0800187c   0x00000414   Code   RO          333    .text               stm32f10x_rcc.o
    0x08001c90   0x0000029c   Code   RO          491    .text               24c16.o
    0x08001f2c   0x00000368   Code   RO          517    .text               device.o
    0x08002294   0x000001c8   Code   RO          550    .text               mcu_int.o
    0x0800245c   0x000006cc   Code   RO          588    .text               socket.o
    0x08002b28   0x000000b0   Code   RO          617    .text               spi2.o
    0x08002bd8   0x000002dc   Code   RO          635    .text               ult.o
    0x08002eb4   0x00000628   Code   RO          666    .text               w5500.o
    0x080034dc   0x00000026   Code   RO          696    .text               mc_w.l(memseta.o)
    0x08003502   0x0000002c   Code   RO          698    .text               mc_w.l(strstr.o)
    0x0800352e   0x00000018   Code   RO          700    .text               mc_w.l(strncpy.o)
    0x08003546   0x00000010   Code   RO          702    .text               mc_w.l(strlen.o)
    0x08003556   0x00000012   Code   RO          704    .text               mc_w.l(strcpy.o)
    0x08003568   0x00000044   Code   RO          706    .text               mc_w.l(strtok.o)
    0x080035ac   0x0000002c   Code   RO          983    .text               mc_w.l(uidiv.o)
    0x080035d8   0x00000024   Code   RO          998    .text               mc_w.l(init.o)
    0x080035fc   0x00000020   Code   RO          803    i.__0printf$3       mc_w.l(printf3.o)
    0x0800361c   0x0000000e   Code   RO         1010    i.__scatterload_copy  mc_w.l(handlers.o)
    0x0800362a   0x00000002   Code   RO         1011    i.__scatterload_null  mc_w.l(handlers.o)
    0x0800362c   0x0000000e   Code   RO         1012    i.__scatterload_zeroinit  mc_w.l(handlers.o)
    0x0800363a   0x00000002   PAD
    0x0800363c   0x000001b4   Code   RO          810    i._printf_core      mc_w.l(printf3.o)
    0x080037f0   0x00000020   Data   RO         1008    Region$$Table       anon$$obj.o


    Execution Region RW_IRAM1 (Base: 0x20000000, Size: 0x00001268, Max: 0x0000c000, ABSOLUTE)

    Base Addr    Size         Type   Attr      Idx    E Section Name        Object

    0x20000000   0x00000014   Data   RW          177    .data               system_stm32f10x.o
    0x20000014   0x00000014   Data   RW          334    .data               stm32f10x_rcc.o
    0x20000028   0x00000010   Data   RW          519    .data               device.o
    0x20000038   0x00000002   Data   RW          589    .data               socket.o
    0x2000003a   0x00000004   Data   RW          636    .data               ult.o
    0x2000003e   0x00000008   Data   RW          668    .data               w5500.o
    0x20000046   0x00000002   PAD
    0x20000048   0x00000004   Data   RW          707    .data               mc_w.l(strtok.o)
    0x2000004c   0x00000004   Data   RW          982    .data               mc_w.l(stdout.o)
    0x20000050   0x00000800   Zero   RW            2    .bss                main.o
    0x20000850   0x000005f6   Zero   RW          518    .bss                device.o
    0x20000e46   0x00000020   Zero   RW          667    .bss                w5500.o
    0x20000e66   0x00000002   PAD
    0x20000e68   0x00000400   Zero   RW          169    STACK               startup_stm32f10x_ld.o


==============================================================================

Image component sizes


      Code (inc. data)   RO Data    RW Data    ZI Data      Debug   Object Name

       668          6          0          0          0       3567   24c16.o
         0          0          0          0          0         32   core_cm3.o
       872        108          0         16       1526       6519   device.o
       528        182          0          0       2048     244944   main.o
       456         18          0          0          0        950   mcu_int.o
       256         30          0          0          0       1597   misc.o
      1740         50          0          2          0       5022   socket.o
       176          8          0          0          0        836   spi2.o
        36          8        236          0       1024        712   startup_stm32f10x_ld.o
      1640         52          0          0          0       8082   stm32f10x_flash.o
       940         46          0          0          0       5573   stm32f10x_gpio.o
        26          0          0          0          0       1114   stm32f10x_it.o
      1044         52          0         20          0       8668   stm32f10x_rcc.o
       912         12          0          0          0       6458   stm32f10x_spi.o
      1190         22          0          0          0       8296   stm32f10x_usart.o
       480         36          0         20          0       1571   system_stm32f10x.o
       732         14          0          4          0       5129   ult.o
      1576        104          0          8         32       8151   w5500.o

    ----------------------------------------------------------------------
     13276        748        268         72       4632     317221   Object Totals
         0          0         32          0          0          0   (incl. Generated)
         4          0          0          2          2          0   (incl. Padding)

    ----------------------------------------------------------------------

      Code (inc. data)   RO Data    RW Data    ZI Data      Debug   Library Member Name

         0          0          0          0          0          0   entry.o
         8          4          0          0          0          0   entry2.o
         4          0          0          0          0          0   entry5.o
         0          0          0          0          0          0   entry7b.o
         8          4          0          0          0          0   entry8.o
        30          0          0          0          0          0   handlers.o
        36          8          0          0          0         68   init.o
        38          0          0          0          0        108   memseta.o
       468         14          0          0          0        180   printf3.o
         0          0          0          4          0          0   stdout.o
        18          0          0          0          0         68   strcpy.o
        16          0          0          0          0         68   strlen.o
        24          0          0          0          0         76   strncpy.o
        44          0          0          0          0         80   strstr.o
        68          6          0          4          0         80   strtok.o
        44          0          0          0          0         80   uidiv.o

    ----------------------------------------------------------------------
       808         36          0          8          0        808   Library Totals
         2          0          0          0          0          0   (incl. Padding)

    ----------------------------------------------------------------------

      Code (inc. data)   RO Data    RW Data    ZI Data      Debug   Library Name

       806         36          0          8          0        808   mc_w.l

    ----------------------------------------------------------------------
       808         36          0          8          0        808   Library Totals

    ----------------------------------------------------------------------

==============================================================================


      Code (inc. data)   RO Data    RW Data    ZI Data      Debug   

     14084        784        268         80       4632     316105   Grand Totals
     14084        784        268         80       4632     316105   ELF Image Totals
     14084        784        268         80          0          0   ROM Totals

==============================================================================

    Total RO  Size (Code + RO Data)                14352 (  14.02kB)
    Total RW  Size (RW Data + ZI Data)              4712 (   4.60kB)
    Total ROM Size (Code + RO Data + RW Data)      14432 (  14.09kB)

==============================================================================

