ARM Linker, 4.1 [Build 791] [Professional]

==============================================================================

Section Cross References

    main.o(.text) refers to mcu_int.o(.text) for RCC_Configuration
    main.o(.text) refers to ult.o(.text) for Systick_Init
    main.o(.text) refers to device.o(.text) for USART1_Init
    main.o(.text) refers to 24c16.o(.text) for at24c16_init
    main.o(.text) refers to printf3.o(i.__0printf$3) for __2printf
    main.o(.text) refers to spi2.o(.text) for WIZ_SPI_Init
    main.o(.text) refers to w5500.o(.text) for setSHAR
    main.o(.text) refers to socket.o(.text) for connect
    main.o(.text) refers to device.o(.data) for rxsize
    main.o(.text) refers to main.o(.bss) for buffer
    startup_stm32f10x_hd.o(RESET) refers to startup_stm32f10x_hd.o(STACK) for __initial_sp
    startup_stm32f10x_hd.o(RESET) refers to startup_stm32f10x_hd.o(.text) for Reset_Handler
    startup_stm32f10x_hd.o(RESET) refers to device.o(.text) for USART1_IRQHandler
    startup_stm32f10x_hd.o(.text) refers to system_stm32f10x.o(.text) for SystemInit
    startup_stm32f10x_hd.o(.text) refers to entry.o(.ARM.Collect$$$$00000000) for __main
    system_stm32f10x.o(.text) refers to system_stm32f10x.o(.data) for SystemCoreClock
    stm32f10x_bkp.o(.text) refers to stm32f10x_rcc.o(.text) for RCC_BackupResetCmd
    stm32f10x_gpio.o(.text) refers to stm32f10x_rcc.o(.text) for RCC_APB2PeriphResetCmd
    stm32f10x_i2c.o(.text) refers to stm32f10x_rcc.o(.text) for RCC_APB1PeriphResetCmd
    stm32f10x_rcc.o(.text) refers to stm32f10x_rcc.o(.data) for APBAHBPrescTable
    stm32f10x_spi.o(.text) refers to stm32f10x_rcc.o(.text) for RCC_APB2PeriphResetCmd
    stm32f10x_tim.o(.text) refers to stm32f10x_rcc.o(.text) for RCC_APB2PeriphResetCmd
    stm32f10x_usart.o(.text) refers to stm32f10x_rcc.o(.text) for RCC_APB2PeriphResetCmd
    stm32f10x_wwdg.o(.text) refers to stm32f10x_rcc.o(.text) for RCC_APB1PeriphResetCmd
    w5500.o(.text) refers to spi2.o(.text) for WIZ_CS
    w5500.o(.text) refers to printf3.o(i.__0printf$3) for __2printf
    w5500.o(.text) refers to w5500.o(.data) for I_STATUS
    w5500.o(.text) refers to w5500.o(.bss) for RSIZE
    24c16.o(.text) refers to stm32f10x_gpio.o(.text) for GPIO_Init
    24c16.o(.text) refers to ult.o(.text) for Delay_us
    mcu_int.o(.text) refers to stm32f10x_gpio.o(.text) for GPIO_Init
    mcu_int.o(.text) refers to stm32f10x_rcc.o(.text) for RCC_DeInit
    mcu_int.o(.text) refers to stm32f10x_flash.o(.text) for FLASH_PrefetchBufferCmd
    mcu_int.o(.text) refers to misc.o(.text) for NVIC_PriorityGroupConfig
    md5.o(.text) refers to memseta.o(.text) for __aeabi_memclr4
    md5.o(.text) refers to memcpya.o(.text) for __aeabi_memcpy
    md5.o(.text) refers to md5.o(.data) for padding
    socket.o(.text) refers to w5500.o(.text) for IINCHIP_WRITE
    socket.o(.text) refers to printf3.o(i.__0printf$3) for __2printf
    socket.o(.text) refers to socket.o(.data) for local_port
    spi2.o(.text) refers to stm32f10x_spi.o(.text) for SPI_Init
    spi2.o(.text) refers to stm32f10x_gpio.o(.text) for GPIO_ResetBits
    ult.o(.text) refers to memseta.o(.text) for __aeabi_memset
    ult.o(.text) refers to strstr.o(.text) for strstr
    ult.o(.text) refers to strlen.o(.text) for strlen
    ult.o(.text) refers to strncpy.o(.text) for strncpy
    ult.o(.text) refers to strcpy.o(.text) for strcpy
    ult.o(.text) refers to strtok.o(.text) for strtok
    ult.o(.text) refers to ult.o(.data) for fac_us
    device.o(.text) refers to stm32f10x_gpio.o(.text) for GPIO_ResetBits
    device.o(.text) refers to ult.o(.text) for Delay_us
    device.o(.text) refers to stm32f10x_rcc.o(.text) for RCC_APB2PeriphClockCmd
    device.o(.text) refers to stm32f10x_usart.o(.text) for USART_ITConfig
    device.o(.text) refers to w5500.o(.text) for setSHAR
    device.o(.text) refers to printf3.o(i.__0printf$3) for __2printf
    device.o(.text) refers to 24c16.o(.text) for at24c16_write
    device.o(.text) refers to device.o(.bss) for ConfigMsg
    device.o(.text) refers to device.o(.data) for rxsize
    entry.o(.ARM.Collect$$$$00000000) refers (Special) to entry7b.o(.ARM.Collect$$$$00000008) for _main_clock
    entry.o(.ARM.Collect$$$$00000000) refers (Special) to entry8.o(.ARM.Collect$$$$00000009) for _main_init
    entry.o(.ARM.Collect$$$$00000000) refers (Special) to entry5.o(.ARM.Collect$$$$00000004) for _main_scatterload
    entry.o(.ARM.Collect$$$$00000000) refers (Special) to entry2.o(.ARM.Collect$$$$00000001) for _main_stk
    strtok.o(.text) refers to strtok.o(.data) for .data
    strtok_r.o(.text) refers to strtok_r.o(.data) for .data
    printfb.o(i.__0fprintf$bare) refers to printfb.o(i._printf_core) for _printf_core
    printfb.o(i.__0fprintf$bare) refers to device.o(.text) for fputc
    printfb.o(i.__0printf$bare) refers to printfb.o(i._printf_core) for _printf_core
    printfb.o(i.__0printf$bare) refers to device.o(.text) for fputc
    printfb.o(i.__0printf$bare) refers to stdout.o(.data) for __stdout
    printfb.o(i.__0snprintf$bare) refers to printfb.o(i._printf_core) for _printf_core
    printfb.o(i.__0snprintf$bare) refers to printfb.o(i._snputc) for _snputc
    printfb.o(i.__0sprintf$bare) refers to printfb.o(i._printf_core) for _printf_core
    printfb.o(i.__0sprintf$bare) refers to printfb.o(i._sputc) for _sputc
    printfb.o(i.__0vfprintf$bare) refers to printfb.o(i._printf_core) for _printf_core
    printfb.o(i.__0vfprintf$bare) refers to device.o(.text) for fputc
    printfb.o(i.__0vprintf$bare) refers to printfb.o(i._printf_core) for _printf_core
    printfb.o(i.__0vprintf$bare) refers to device.o(.text) for fputc
    printfb.o(i.__0vprintf$bare) refers to stdout.o(.data) for __stdout
    printfb.o(i.__0vsnprintf$bare) refers to printfb.o(i._printf_core) for _printf_core
    printfb.o(i.__0vsnprintf$bare) refers to printfb.o(i._snputc) for _snputc
    printfb.o(i.__0vsprintf$bare) refers to printfb.o(i._printf_core) for _printf_core
    printfb.o(i.__0vsprintf$bare) refers to printfb.o(i._sputc) for _sputc
    printf0.o(i.__0fprintf$0) refers to printf0.o(i._printf_core) for _printf_core
    printf0.o(i.__0fprintf$0) refers to device.o(.text) for fputc
    printf0.o(i.__0printf$0) refers to printf0.o(i._printf_core) for _printf_core
    printf0.o(i.__0printf$0) refers to device.o(.text) for fputc
    printf0.o(i.__0printf$0) refers to stdout.o(.data) for __stdout
    printf0.o(i.__0snprintf$0) refers to printf0.o(i._printf_core) for _printf_core
    printf0.o(i.__0snprintf$0) refers to printf0.o(i._snputc) for _snputc
    printf0.o(i.__0sprintf$0) refers to printf0.o(i._printf_core) for _printf_core
    printf0.o(i.__0sprintf$0) refers to printf0.o(i._sputc) for _sputc
    printf0.o(i.__0vfprintf$0) refers to printf0.o(i._printf_core) for _printf_core
    printf0.o(i.__0vfprintf$0) refers to device.o(.text) for fputc
    printf0.o(i.__0vprintf$0) refers to printf0.o(i._printf_core) for _printf_core
    printf0.o(i.__0vprintf$0) refers to device.o(.text) for fputc
    printf0.o(i.__0vprintf$0) refers to stdout.o(.data) for __stdout
    printf0.o(i.__0vsnprintf$0) refers to printf0.o(i._printf_core) for _printf_core
    printf0.o(i.__0vsnprintf$0) refers to printf0.o(i._snputc) for _snputc
    printf0.o(i.__0vsprintf$0) refers to printf0.o(i._printf_core) for _printf_core
    printf0.o(i.__0vsprintf$0) refers to printf0.o(i._sputc) for _sputc
    printf1.o(i.__0fprintf$1) refers to printf1.o(i._printf_core) for _printf_core
    printf1.o(i.__0fprintf$1) refers to device.o(.text) for fputc
    printf1.o(i.__0printf$1) refers to printf1.o(i._printf_core) for _printf_core
    printf1.o(i.__0printf$1) refers to device.o(.text) for fputc
    printf1.o(i.__0printf$1) refers to stdout.o(.data) for __stdout
    printf1.o(i.__0snprintf$1) refers to printf1.o(i._printf_core) for _printf_core
    printf1.o(i.__0snprintf$1) refers to printf1.o(i._snputc) for _snputc
    printf1.o(i.__0sprintf$1) refers to printf1.o(i._printf_core) for _printf_core
    printf1.o(i.__0sprintf$1) refers to printf1.o(i._sputc) for _sputc
    printf1.o(i.__0vfprintf$1) refers to printf1.o(i._printf_core) for _printf_core
    printf1.o(i.__0vfprintf$1) refers to device.o(.text) for fputc
    printf1.o(i.__0vprintf$1) refers to printf1.o(i._printf_core) for _printf_core
    printf1.o(i.__0vprintf$1) refers to device.o(.text) for fputc
    printf1.o(i.__0vprintf$1) refers to stdout.o(.data) for __stdout
    printf1.o(i.__0vsnprintf$1) refers to printf1.o(i._printf_core) for _printf_core
    printf1.o(i.__0vsnprintf$1) refers to printf1.o(i._snputc) for _snputc
    printf1.o(i.__0vsprintf$1) refers to printf1.o(i._printf_core) for _printf_core
    printf1.o(i.__0vsprintf$1) refers to printf1.o(i._sputc) for _sputc
    printf1.o(i._printf_core) refers to uidiv.o(.text) for __aeabi_uidivmod
    printf2.o(i.__0fprintf$2) refers to printf2.o(i._printf_core) for _printf_core
    printf2.o(i.__0fprintf$2) refers to device.o(.text) for fputc
    printf2.o(i.__0printf$2) refers to printf2.o(i._printf_core) for _printf_core
    printf2.o(i.__0printf$2) refers to device.o(.text) for fputc
    printf2.o(i.__0printf$2) refers to stdout.o(.data) for __stdout
    printf2.o(i.__0snprintf$2) refers to printf2.o(i._printf_core) for _printf_core
    printf2.o(i.__0snprintf$2) refers to printf2.o(i._snputc) for _snputc
    printf2.o(i.__0sprintf$2) refers to printf2.o(i._printf_core) for _printf_core
    printf2.o(i.__0sprintf$2) refers to printf2.o(i._sputc) for _sputc
    printf2.o(i.__0vfprintf$2) refers to printf2.o(i._printf_core) for _printf_core
    printf2.o(i.__0vfprintf$2) refers to device.o(.text) for fputc
    printf2.o(i.__0vprintf$2) refers to printf2.o(i._printf_core) for _printf_core
    printf2.o(i.__0vprintf$2) refers to device.o(.text) for fputc
    printf2.o(i.__0vprintf$2) refers to stdout.o(.data) for __stdout
    printf2.o(i.__0vsnprintf$2) refers to printf2.o(i._printf_core) for _printf_core
    printf2.o(i.__0vsnprintf$2) refers to printf2.o(i._snputc) for _snputc
    printf2.o(i.__0vsprintf$2) refers to printf2.o(i._printf_core) for _printf_core
    printf2.o(i.__0vsprintf$2) refers to printf2.o(i._sputc) for _sputc
    printf3.o(i.__0fprintf$3) refers to printf3.o(i._printf_core) for _printf_core
    printf3.o(i.__0fprintf$3) refers to device.o(.text) for fputc
    printf3.o(i.__0printf$3) refers to printf3.o(i._printf_core) for _printf_core
    printf3.o(i.__0printf$3) refers to device.o(.text) for fputc
    printf3.o(i.__0printf$3) refers to stdout.o(.data) for __stdout
    printf3.o(i.__0snprintf$3) refers to printf3.o(i._printf_core) for _printf_core
    printf3.o(i.__0snprintf$3) refers to printf3.o(i._snputc) for _snputc
    printf3.o(i.__0sprintf$3) refers to printf3.o(i._printf_core) for _printf_core
    printf3.o(i.__0sprintf$3) refers to printf3.o(i._sputc) for _sputc
    printf3.o(i.__0vfprintf$3) refers to printf3.o(i._printf_core) for _printf_core
    printf3.o(i.__0vfprintf$3) refers to device.o(.text) for fputc
    printf3.o(i.__0vprintf$3) refers to printf3.o(i._printf_core) for _printf_core
    printf3.o(i.__0vprintf$3) refers to device.o(.text) for fputc
    printf3.o(i.__0vprintf$3) refers to stdout.o(.data) for __stdout
    printf3.o(i.__0vsnprintf$3) refers to printf3.o(i._printf_core) for _printf_core
    printf3.o(i.__0vsnprintf$3) refers to printf3.o(i._snputc) for _snputc
    printf3.o(i.__0vsprintf$3) refers to printf3.o(i._printf_core) for _printf_core
    printf3.o(i.__0vsprintf$3) refers to printf3.o(i._sputc) for _sputc
    printf3.o(i._printf_core) refers to uidiv.o(.text) for __aeabi_uidivmod
    printf4.o(i.__0fprintf$4) refers to printf4.o(i._printf_core) for _printf_core
    printf4.o(i.__0fprintf$4) refers to device.o(.text) for fputc
    printf4.o(i.__0printf$4) refers to printf4.o(i._printf_core) for _printf_core
    printf4.o(i.__0printf$4) refers to device.o(.text) for fputc
    printf4.o(i.__0printf$4) refers to stdout.o(.data) for __stdout
    printf4.o(i.__0snprintf$4) refers to printf4.o(i._printf_core) for _printf_core
    printf4.o(i.__0snprintf$4) refers to printf4.o(i._snputc) for _snputc
    printf4.o(i.__0sprintf$4) refers to printf4.o(i._printf_core) for _printf_core
    printf4.o(i.__0sprintf$4) refers to printf4.o(i._sputc) for _sputc
    printf4.o(i.__0vfprintf$4) refers to printf4.o(i._printf_core) for _printf_core
    printf4.o(i.__0vfprintf$4) refers to device.o(.text) for fputc
    printf4.o(i.__0vprintf$4) refers to printf4.o(i._printf_core) for _printf_core
    printf4.o(i.__0vprintf$4) refers to device.o(.text) for fputc
    printf4.o(i.__0vprintf$4) refers to stdout.o(.data) for __stdout
    printf4.o(i.__0vsnprintf$4) refers to printf4.o(i._printf_core) for _printf_core
    printf4.o(i.__0vsnprintf$4) refers to printf4.o(i._snputc) for _snputc
    printf4.o(i.__0vsprintf$4) refers to printf4.o(i._printf_core) for _printf_core
    printf4.o(i.__0vsprintf$4) refers to printf4.o(i._sputc) for _sputc
    printf4.o(i._printf_core) refers to uldiv.o(.text) for __aeabi_uldivmod
    printf5.o(i.__0fprintf$5) refers to printf5.o(i._printf_core) for _printf_core
    printf5.o(i.__0fprintf$5) refers to device.o(.text) for fputc
    printf5.o(i.__0printf$5) refers to printf5.o(i._printf_core) for _printf_core
    printf5.o(i.__0printf$5) refers to device.o(.text) for fputc
    printf5.o(i.__0printf$5) refers to stdout.o(.data) for __stdout
    printf5.o(i.__0snprintf$5) refers to printf5.o(i._printf_core) for _printf_core
    printf5.o(i.__0snprintf$5) refers to printf5.o(i._snputc) for _snputc
    printf5.o(i.__0sprintf$5) refers to printf5.o(i._printf_core) for _printf_core
    printf5.o(i.__0sprintf$5) refers to printf5.o(i._sputc) for _sputc
    printf5.o(i.__0vfprintf$5) refers to printf5.o(i._printf_core) for _printf_core
    printf5.o(i.__0vfprintf$5) refers to device.o(.text) for fputc
    printf5.o(i.__0vprintf$5) refers to printf5.o(i._printf_core) for _printf_core
    printf5.o(i.__0vprintf$5) refers to device.o(.text) for fputc
    printf5.o(i.__0vprintf$5) refers to stdout.o(.data) for __stdout
    printf5.o(i.__0vsnprintf$5) refers to printf5.o(i._printf_core) for _printf_core
    printf5.o(i.__0vsnprintf$5) refers to printf5.o(i._snputc) for _snputc
    printf5.o(i.__0vsprintf$5) refers to printf5.o(i._printf_core) for _printf_core
    printf5.o(i.__0vsprintf$5) refers to printf5.o(i._sputc) for _sputc
    printf5.o(i._printf_core) refers to uldiv.o(.text) for __aeabi_uldivmod
    printf6.o(i.__0fprintf$6) refers to printf6.o(i._printf_core) for _printf_core
    printf6.o(i.__0fprintf$6) refers to device.o(.text) for fputc
    printf6.o(i.__0printf$6) refers to printf6.o(i._printf_core) for _printf_core
    printf6.o(i.__0printf$6) refers to device.o(.text) for fputc
    printf6.o(i.__0printf$6) refers to stdout.o(.data) for __stdout
    printf6.o(i.__0snprintf$6) refers to printf6.o(i._printf_core) for _printf_core
    printf6.o(i.__0snprintf$6) refers to printf6.o(i._snputc) for _snputc
    printf6.o(i.__0sprintf$6) refers to printf6.o(i._printf_core) for _printf_core
    printf6.o(i.__0sprintf$6) refers to printf6.o(i._sputc) for _sputc
    printf6.o(i.__0vfprintf$6) refers to printf6.o(i._printf_core) for _printf_core
    printf6.o(i.__0vfprintf$6) refers to device.o(.text) for fputc
    printf6.o(i.__0vprintf$6) refers to printf6.o(i._printf_core) for _printf_core
    printf6.o(i.__0vprintf$6) refers to device.o(.text) for fputc
    printf6.o(i.__0vprintf$6) refers to stdout.o(.data) for __stdout
    printf6.o(i.__0vsnprintf$6) refers to printf6.o(i._printf_core) for _printf_core
    printf6.o(i.__0vsnprintf$6) refers to printf6.o(i._snputc) for _snputc
    printf6.o(i.__0vsprintf$6) refers to printf6.o(i._printf_core) for _printf_core
    printf6.o(i.__0vsprintf$6) refers to printf6.o(i._sputc) for _sputc
    printf6.o(i._printf_core) refers to printf6.o(i._printf_pre_padding) for _printf_pre_padding
    printf6.o(i._printf_core) refers to uidiv.o(.text) for __aeabi_uidivmod
    printf6.o(i._printf_core) refers to printf6.o(i._printf_post_padding) for _printf_post_padding
    printf7.o(i.__0fprintf$7) refers to printf7.o(i._printf_core) for _printf_core
    printf7.o(i.__0fprintf$7) refers to device.o(.text) for fputc
    printf7.o(i.__0printf$7) refers to printf7.o(i._printf_core) for _printf_core
    printf7.o(i.__0printf$7) refers to device.o(.text) for fputc
    printf7.o(i.__0printf$7) refers to stdout.o(.data) for __stdout
    printf7.o(i.__0snprintf$7) refers to printf7.o(i._printf_core) for _printf_core
    printf7.o(i.__0snprintf$7) refers to printf7.o(i._snputc) for _snputc
    printf7.o(i.__0sprintf$7) refers to printf7.o(i._printf_core) for _printf_core
    printf7.o(i.__0sprintf$7) refers to printf7.o(i._sputc) for _sputc
    printf7.o(i.__0vfprintf$7) refers to printf7.o(i._printf_core) for _printf_core
    printf7.o(i.__0vfprintf$7) refers to device.o(.text) for fputc
    printf7.o(i.__0vprintf$7) refers to printf7.o(i._printf_core) for _printf_core
    printf7.o(i.__0vprintf$7) refers to device.o(.text) for fputc
    printf7.o(i.__0vprintf$7) refers to stdout.o(.data) for __stdout
    printf7.o(i.__0vsnprintf$7) refers to printf7.o(i._printf_core) for _printf_core
    printf7.o(i.__0vsnprintf$7) refers to printf7.o(i._snputc) for _snputc
    printf7.o(i.__0vsprintf$7) refers to printf7.o(i._printf_core) for _printf_core
    printf7.o(i.__0vsprintf$7) refers to printf7.o(i._sputc) for _sputc
    printf7.o(i._printf_core) refers to printf7.o(i._printf_pre_padding) for _printf_pre_padding
    printf7.o(i._printf_core) refers to uldiv.o(.text) for __aeabi_uldivmod
    printf7.o(i._printf_core) refers to printf7.o(i._printf_post_padding) for _printf_post_padding
    printf8.o(i.__0fprintf$8) refers to printf8.o(i._printf_core) for _printf_core
    printf8.o(i.__0fprintf$8) refers to device.o(.text) for fputc
    printf8.o(i.__0printf$8) refers to printf8.o(i._printf_core) for _printf_core
    printf8.o(i.__0printf$8) refers to device.o(.text) for fputc
    printf8.o(i.__0printf$8) refers to stdout.o(.data) for __stdout
    printf8.o(i.__0snprintf$8) refers to printf8.o(i._printf_core) for _printf_core
    printf8.o(i.__0snprintf$8) refers to printf8.o(i._snputc) for _snputc
    printf8.o(i.__0sprintf$8) refers to printf8.o(i._printf_core) for _printf_core
    printf8.o(i.__0sprintf$8) refers to printf8.o(i._sputc) for _sputc
    printf8.o(i.__0vfprintf$8) refers to printf8.o(i._printf_core) for _printf_core
    printf8.o(i.__0vfprintf$8) refers to device.o(.text) for fputc
    printf8.o(i.__0vprintf$8) refers to printf8.o(i._printf_core) for _printf_core
    printf8.o(i.__0vprintf$8) refers to device.o(.text) for fputc
    printf8.o(i.__0vprintf$8) refers to stdout.o(.data) for __stdout
    printf8.o(i.__0vsnprintf$8) refers to printf8.o(i._printf_core) for _printf_core
    printf8.o(i.__0vsnprintf$8) refers to printf8.o(i._snputc) for _snputc
    printf8.o(i.__0vsprintf$8) refers to printf8.o(i._printf_core) for _printf_core
    printf8.o(i.__0vsprintf$8) refers to printf8.o(i._sputc) for _sputc
    printf8.o(i._printf_core) refers to printf8.o(i._printf_pre_padding) for _printf_pre_padding
    printf8.o(i._printf_core) refers to uldiv.o(.text) for __aeabi_uldivmod
    printf8.o(i._printf_core) refers to printf8.o(i._printf_post_padding) for _printf_post_padding
    printfa.o(i.__0fprintf) refers (Special) to iusefp.o(.text) for __I$use$fp
    printfa.o(i.__0fprintf) refers to printfa.o(i._printf_core) for _printf_core
    printfa.o(i.__0fprintf) refers to device.o(.text) for fputc
    printfa.o(i.__0printf) refers (Special) to iusefp.o(.text) for __I$use$fp
    printfa.o(i.__0printf) refers to printfa.o(i._printf_core) for _printf_core
    printfa.o(i.__0printf) refers to device.o(.text) for fputc
    printfa.o(i.__0printf) refers to stdout.o(.data) for __stdout
    printfa.o(i.__0snprintf) refers (Special) to iusefp.o(.text) for __I$use$fp
    printfa.o(i.__0snprintf) refers to printfa.o(i._printf_core) for _printf_core
    printfa.o(i.__0snprintf) refers to printfa.o(i._snputc) for _snputc
    printfa.o(i.__0sprintf) refers (Special) to iusefp.o(.text) for __I$use$fp
    printfa.o(i.__0sprintf) refers to printfa.o(i._printf_core) for _printf_core
    printfa.o(i.__0sprintf) refers to printfa.o(i._sputc) for _sputc
    printfa.o(i.__0vfprintf) refers (Special) to iusefp.o(.text) for __I$use$fp
    printfa.o(i.__0vfprintf) refers to printfa.o(i._printf_core) for _printf_core
    printfa.o(i.__0vfprintf) refers to device.o(.text) for fputc
    printfa.o(i.__0vprintf) refers (Special) to iusefp.o(.text) for __I$use$fp
    printfa.o(i.__0vprintf) refers to printfa.o(i._printf_core) for _printf_core
    printfa.o(i.__0vprintf) refers to device.o(.text) for fputc
    printfa.o(i.__0vprintf) refers to stdout.o(.data) for __stdout
    printfa.o(i.__0vsnprintf) refers (Special) to iusefp.o(.text) for __I$use$fp
    printfa.o(i.__0vsnprintf) refers to printfa.o(i._printf_core) for _printf_core
    printfa.o(i.__0vsnprintf) refers to printfa.o(i._snputc) for _snputc
    printfa.o(i.__0vsprintf) refers (Special) to iusefp.o(.text) for __I$use$fp
    printfa.o(i.__0vsprintf) refers to printfa.o(i._printf_core) for _printf_core
    printfa.o(i.__0vsprintf) refers to printfa.o(i._sputc) for _sputc
    printfa.o(i._fp_digits) refers (Special) to iusefp.o(.text) for __I$use$fp
    printfa.o(i._fp_digits) refers to dmul.o(.text) for __aeabi_dmul
    printfa.o(i._fp_digits) refers to ddiv.o(.text) for __aeabi_ddiv
    printfa.o(i._fp_digits) refers to cdrcmple.o(.text) for __aeabi_cdrcmple
    printfa.o(i._fp_digits) refers to dadd.o(.text) for __aeabi_dadd
    printfa.o(i._fp_digits) refers to dfixul.o(.text) for __aeabi_d2ulz
    printfa.o(i._fp_digits) refers to uldiv.o(.text) for __aeabi_uldivmod
    printfa.o(i._printf_core) refers (Special) to iusefp.o(.text) for __I$use$fp
    printfa.o(i._printf_core) refers to printfa.o(i._printf_pre_padding) for _printf_pre_padding
    printfa.o(i._printf_core) refers to uldiv.o(.text) for __aeabi_uldivmod
    printfa.o(i._printf_core) refers to printfa.o(i._printf_post_padding) for _printf_post_padding
    printfa.o(i._printf_core) refers to printfa.o(i._fp_digits) for _fp_digits
    printfa.o(i._printf_core) refers to uidiv.o(.text) for __aeabi_uidivmod
    printfa.o(i._printf_post_padding) refers (Special) to iusefp.o(.text) for __I$use$fp
    printfa.o(i._printf_pre_padding) refers (Special) to iusefp.o(.text) for __I$use$fp
    printfa.o(i._snputc) refers (Special) to iusefp.o(.text) for __I$use$fp
    printfa.o(i._sputc) refers (Special) to iusefp.o(.text) for __I$use$fp
    entry2.o(.ARM.Collect$$$$00000001) refers to entry2.o(.ARM.Collect$$$$00002712) for __lit__00000000
    entry2.o(.ARM.Collect$$$$00002712) refers to startup_stm32f10x_hd.o(STACK) for __initial_sp
    entry2.o(__vectab_stack_and_reset_area) refers to startup_stm32f10x_hd.o(STACK) for __initial_sp
    entry2.o(__vectab_stack_and_reset_area) refers to entry.o(.ARM.Collect$$$$00000000) for __main
    entry5.o(.ARM.Collect$$$$00000004) refers to init.o(.text) for __scatterload
    entry8.o(.ARM.Collect$$$$00000009) refers to main.o(.text) for main
    uldiv.o(.text) refers to llushr.o(.text) for __aeabi_llsr
    uldiv.o(.text) refers to llshl.o(.text) for __aeabi_llsl
    dadd.o(.text) refers to llshl.o(.text) for __aeabi_llsl
    dadd.o(.text) refers to llsshr.o(.text) for __aeabi_lasr
    dadd.o(.text) refers to depilogue.o(.text) for _double_epilogue
    dmul.o(.text) refers to depilogue.o(.text) for _double_epilogue
    ddiv.o(.text) refers to depilogue.o(.text) for _double_round
    dfixul.o(.text) refers to llushr.o(.text) for __aeabi_llsr
    dfixul.o(.text) refers to llshl.o(.text) for __aeabi_llsl
    init.o(.text) refers to entry5.o(.ARM.Collect$$$$00000004) for __main_after_scatterload
    depilogue.o(.text) refers to llshl.o(.text) for __aeabi_llsl
    depilogue.o(.text) refers to llushr.o(.text) for __aeabi_llsr


==============================================================================

Removing Unused input sections from the image.

    Removing core_cm3.o(.emb_text), (32 bytes).
    Removing startup_stm32f10x_hd.o(HEAP), (512 bytes).
    Removing stm32f10x_bkp.o(.text), (188 bytes).
    Removing stm32f10x_exti.o(.text), (328 bytes).
    Removing stm32f10x_i2c.o(.text), (1130 bytes).
    Removing stm32f10x_tim.o(.text), (4048 bytes).
    Removing stm32f10x_wwdg.o(.text), (136 bytes).
    Removing md5.o(.text), (2608 bytes).
    Removing md5.o(.data), (64 bytes).
    Removing dadd.o(.text), (332 bytes).
    Removing dmul.o(.text), (224 bytes).
    Removing ddiv.o(.text), (222 bytes).
    Removing dfixul.o(.text), (48 bytes).
    Removing cdrcmple.o(.text), (40 bytes).
    Removing depilogue.o(.text), (190 bytes).

15 unused section(s) (total 10102 bytes) removed from the image.

==============================================================================

Image Symbol Table

    Local Symbols

    Symbol Name                              Value     Ov Type        Size  Object(Section)

    ../../microlib/division.c                0x00000000   Number         0  uidiv.o ABSOLUTE
    ../../microlib/division.c                0x00000000   Number         0  uldiv.o ABSOLUTE
    ../../microlib/fpadd.c                   0x00000000   Number         0  dadd.o ABSOLUTE
    ../../microlib/fpdiv.c                   0x00000000   Number         0  ddiv.o ABSOLUTE
    ../../microlib/fpepilogue.c              0x00000000   Number         0  depilogue.o ABSOLUTE
    ../../microlib/fpfix.c                   0x00000000   Number         0  dfixul.o ABSOLUTE
    ../../microlib/fpmul.c                   0x00000000   Number         0  dmul.o ABSOLUTE
    ../../microlib/init/entry.s              0x00000000   Number         0  entry.o ABSOLUTE
    ../../microlib/init/entry.s              0x00000000   Number         0  entry8.o ABSOLUTE
    ../../microlib/init/entry.s              0x00000000   Number         0  entry7b.o ABSOLUTE
    ../../microlib/init/entry.s              0x00000000   Number         0  entry7a.o ABSOLUTE
    ../../microlib/init/entry.s              0x00000000   Number         0  entry5.o ABSOLUTE
    ../../microlib/init/entry.s              0x00000000   Number         0  entry2.o ABSOLUTE
    ../../microlib/longlong.c                0x00000000   Number         0  llsshr.o ABSOLUTE
    ../../microlib/longlong.c                0x00000000   Number         0  llushr.o ABSOLUTE
    ../../microlib/longlong.c                0x00000000   Number         0  llshl.o ABSOLUTE
    ../../microlib/printf/printf.c           0x00000000   Number         0  printf4.o ABSOLUTE
    ../../microlib/printf/printf.c           0x00000000   Number         0  printf3.o ABSOLUTE
    ../../microlib/printf/printf.c           0x00000000   Number         0  printf2.o ABSOLUTE
    ../../microlib/printf/printf.c           0x00000000   Number         0  printf1.o ABSOLUTE
    ../../microlib/printf/printf.c           0x00000000   Number         0  printf0.o ABSOLUTE
    ../../microlib/printf/printf.c           0x00000000   Number         0  printfb.o ABSOLUTE
    ../../microlib/printf/printf.c           0x00000000   Number         0  printfa.o ABSOLUTE
    ../../microlib/printf/printf.c           0x00000000   Number         0  printf8.o ABSOLUTE
    ../../microlib/printf/printf.c           0x00000000   Number         0  printf7.o ABSOLUTE
    ../../microlib/printf/printf.c           0x00000000   Number         0  printf6.o ABSOLUTE
    ../../microlib/printf/printf.c           0x00000000   Number         0  printf5.o ABSOLUTE
    ../../microlib/printf/stubs.s            0x00000000   Number         0  stubs.o ABSOLUTE
    ../../microlib/stdio/streams.c           0x00000000   Number         0  stdout.o ABSOLUTE
    ../../microlib/string/memcpy.c           0x00000000   Number         0  memcpya.o ABSOLUTE
    ../../microlib/string/memcpy.c           0x00000000   Number         0  memcpyb.o ABSOLUTE
    ../../microlib/string/memset.c           0x00000000   Number         0  memseta.o ABSOLUTE
    ../../microlib/string/strcpy.c           0x00000000   Number         0  strcpy.o ABSOLUTE
    ../../microlib/string/strlen.c           0x00000000   Number         0  strlen.o ABSOLUTE
    ../../microlib/string/strncpy.c          0x00000000   Number         0  strncpy.o ABSOLUTE
    ../../microlib/string/strstr.c           0x00000000   Number         0  strstr.o ABSOLUTE
    ../../microlib/string/strtok.c           0x00000000   Number         0  strtok_r.o ABSOLUTE
    ../../microlib/string/strtok.c           0x00000000   Number         0  strtok.o ABSOLUTE
    ../../microlib/stubs.s                   0x00000000   Number         0  iusefp.o ABSOLUTE
    User\main.c                              0x00000000   Number         0  main.o ABSOLUTE
    cdrcmple.s                               0x00000000   Number         0  cdrcmple.o ABSOLUTE
    dc.s                                     0x00000000   Number         0  dc.o ABSOLUTE
    flib\src\misc.c                          0x00000000   Number         0  misc.o ABSOLUTE
    flib\src\stm32f10x_bkp.c                 0x00000000   Number         0  stm32f10x_bkp.o ABSOLUTE
    flib\src\stm32f10x_exti.c                0x00000000   Number         0  stm32f10x_exti.o ABSOLUTE
    flib\src\stm32f10x_flash.c               0x00000000   Number         0  stm32f10x_flash.o ABSOLUTE
    flib\src\stm32f10x_gpio.c                0x00000000   Number         0  stm32f10x_gpio.o ABSOLUTE
    flib\src\stm32f10x_i2c.c                 0x00000000   Number         0  stm32f10x_i2c.o ABSOLUTE
    flib\src\stm32f10x_rcc.c                 0x00000000   Number         0  stm32f10x_rcc.o ABSOLUTE
    flib\src\stm32f10x_spi.c                 0x00000000   Number         0  stm32f10x_spi.o ABSOLUTE
    flib\src\stm32f10x_tim.c                 0x00000000   Number         0  stm32f10x_tim.o ABSOLUTE
    flib\src\stm32f10x_usart.c               0x00000000   Number         0  stm32f10x_usart.o ABSOLUTE
    flib\src\stm32f10x_wwdg.c                0x00000000   Number         0  stm32f10x_wwdg.o ABSOLUTE
    handlers.s                               0x00000000   Number         0  handlers.o ABSOLUTE
    init.s                                   0x00000000   Number         0  init.o ABSOLUTE
    system\\core_cm3.c                       0x00000000   Number         0  core_cm3.o ABSOLUTE
    system\core_cm3.c                        0x00000000   Number         0  core_cm3.o ABSOLUTE
    system\startup_stm32f10x_hd.s            0x00000000   Number         0  startup_stm32f10x_hd.o ABSOLUTE
    system\system_stm32f10x.c                0x00000000   Number         0  system_stm32f10x.o ABSOLUTE
    word\24c02\24c16.c                       0x00000000   Number         0  24c16.o ABSOLUTE
    word\device\device.c                     0x00000000   Number         0  device.o ABSOLUTE
    word\int\mcu_int.c                       0x00000000   Number         0  mcu_int.o ABSOLUTE
    word\md5\md5.c                           0x00000000   Number         0  md5.o ABSOLUTE
    word\socket\socket.c                     0x00000000   Number         0  socket.o ABSOLUTE
    word\spi\spi2.c                          0x00000000   Number         0  spi2.o ABSOLUTE
    word\ult\ult.c                           0x00000000   Number         0  ult.o ABSOLUTE
    word\w5500\w5500.c                       0x00000000   Number         0  w5500.o ABSOLUTE
    RESET                                    0x08000000   Section      304  startup_stm32f10x_hd.o(RESET)
    .ARM.Collect$$$$00000000                 0x08000130   Section        0  entry.o(.ARM.Collect$$$$00000000)
    .ARM.Collect$$$$00000001                 0x08000130   Section        4  entry2.o(.ARM.Collect$$$$00000001)
    .ARM.Collect$$$$00000004                 0x08000134   Section        4  entry5.o(.ARM.Collect$$$$00000004)
    .ARM.Collect$$$$00000008                 0x08000138   Section        0  entry7b.o(.ARM.Collect$$$$00000008)
    .ARM.Collect$$$$00000009                 0x08000138   Section        8  entry8.o(.ARM.Collect$$$$00000009)
    .ARM.Collect$$$$00002712                 0x08000140   Section        4  entry2.o(.ARM.Collect$$$$00002712)
    __lit__00000000                          0x08000140   Data           4  entry2.o(.ARM.Collect$$$$00002712)
    .text                                    0x08000144   Section        0  main.o(.text)
    .text                                    0x08000360   Section       36  startup_stm32f10x_hd.o(.text)
    .text                                    0x08000384   Section        0  system_stm32f10x.o(.text)
    SetSysClockTo72                          0x08000385   Thumb Code   200  system_stm32f10x.o(.text)
    SetSysClock                              0x0800044d   Thumb Code     8  system_stm32f10x.o(.text)
    .text                                    0x08000564   Section        0  misc.o(.text)
    .text                                    0x08000664   Section        0  stm32f10x_flash.o(.text)
    .text                                    0x08000ccc   Section        0  stm32f10x_gpio.o(.text)
    .text                                    0x08001078   Section        0  stm32f10x_rcc.o(.text)
    .text                                    0x0800148c   Section        0  stm32f10x_spi.o(.text)
    .text                                    0x0800181c   Section        0  stm32f10x_usart.o(.text)
    .text                                    0x08001cc4   Section        0  w5500.o(.text)
    .text                                    0x080022ec   Section        0  24c16.o(.text)
    .text                                    0x08002588   Section        0  mcu_int.o(.text)
    .text                                    0x08002754   Section        0  socket.o(.text)
    .text                                    0x08002e20   Section        0  spi2.o(.text)
    .text                                    0x08002ed4   Section        0  ult.o(.text)
    .text                                    0x080031b0   Section        0  device.o(.text)
    .text                                    0x0800351c   Section        0  memseta.o(.text)
    .text                                    0x08003542   Section        0  strstr.o(.text)
    .text                                    0x0800356e   Section        0  strncpy.o(.text)
    .text                                    0x08003586   Section        0  strlen.o(.text)
    .text                                    0x08003596   Section        0  strcpy.o(.text)
    .text                                    0x080035a8   Section        0  strtok.o(.text)
    .text                                    0x080035ec   Section        0  uidiv.o(.text)
    .text                                    0x08003618   Section       36  init.o(.text)
    i.__0printf$3                            0x0800363c   Section        0  printf3.o(i.__0printf$3)
    i.__scatterload_copy                     0x0800365c   Section       14  handlers.o(i.__scatterload_copy)
    i.__scatterload_null                     0x0800366a   Section        2  handlers.o(i.__scatterload_null)
    i.__scatterload_zeroinit                 0x0800366c   Section       14  handlers.o(i.__scatterload_zeroinit)
    i._printf_core                           0x0800367c   Section        0  printf3.o(i._printf_core)
    _printf_core                             0x0800367d   Thumb Code   432  printf3.o(i._printf_core)
    .data                                    0x20000000   Section       20  system_stm32f10x.o(.data)
    .data                                    0x20000014   Section       20  stm32f10x_rcc.o(.data)
    APBAHBPrescTable                         0x20000014   Data          16  stm32f10x_rcc.o(.data)
    ADCPrescTable                            0x20000024   Data           4  stm32f10x_rcc.o(.data)
    .data                                    0x20000028   Section        8  w5500.o(.data)
    I_STATUS                                 0x20000028   Data           8  w5500.o(.data)
    .data                                    0x20000030   Section        2  socket.o(.data)
    local_port                               0x20000030   Data           2  socket.o(.data)
    .data                                    0x20000032   Section        4  ult.o(.data)
    fac_us                                   0x20000032   Data           1  ult.o(.data)
    fac_ms                                   0x20000034   Data           2  ult.o(.data)
    .data                                    0x20000036   Section       16  device.o(.data)
    .data                                    0x20000048   Section        4  strtok.o(.data)
    state                                    0x20000048   Data           4  strtok.o(.data)
    .data                                    0x2000004c   Section        4  stdout.o(.data)
    .bss                                     0x20000050   Section     2048  main.o(.bss)
    .bss                                     0x20000850   Section       32  w5500.o(.bss)
    SSIZE                                    0x20000850   Data          16  w5500.o(.bss)
    RSIZE                                    0x20000860   Data          16  w5500.o(.bss)
    .bss                                     0x20000870   Section     1526  device.o(.bss)
    STACK                                    0x20000e68   Section     1024  startup_stm32f10x_hd.o(STACK)

    Global Symbols

    Symbol Name                              Value     Ov Type        Size  Object(Section)

    BuildAttributes$$THM_ISAv4$P$D$K$B$S$PE$A:L22UL41UL21$X:L11$S22US41US21$IEEE1$IW$USESV6$~STKCKD$USESV7$~SHL$OSPACE$ROPI$EBA8$MICROLIB$REQ8$PRES8$EABIv2 0x00000000   Number         0  anon$$obj.o ABSOLUTE
    __ARM_use_no_argv                        0x00000000   Number         0  main.o ABSOLUTE
    _printf_a                                0x00000000   Number         0  stubs.o ABSOLUTE
    _printf_c                                0x00000000   Number         0  stubs.o ABSOLUTE
    _printf_charcount                        0x00000000   Number         0  stubs.o ABSOLUTE
    _printf_d                                0x00000000   Number         0  stubs.o ABSOLUTE
    _printf_e                                0x00000000   Number         0  stubs.o ABSOLUTE
    _printf_f                                0x00000000   Number         0  stubs.o ABSOLUTE
    _printf_flags                            0x00000000   Number         0  stubs.o ABSOLUTE
    _printf_fp_dec                           0x00000000   Number         0  stubs.o ABSOLUTE
    _printf_fp_hex                           0x00000000   Number         0  stubs.o ABSOLUTE
    _printf_g                                0x00000000   Number         0  stubs.o ABSOLUTE
    _printf_i                                0x00000000   Number         0  stubs.o ABSOLUTE
    _printf_int_dec                          0x00000000   Number         0  stubs.o ABSOLUTE
    _printf_l                                0x00000000   Number         0  stubs.o ABSOLUTE
    _printf_lc                               0x00000000   Number         0  stubs.o ABSOLUTE
    _printf_ll                               0x00000000   Number         0  stubs.o ABSOLUTE
    _printf_lld                              0x00000000   Number         0  stubs.o ABSOLUTE
    _printf_lli                              0x00000000   Number         0  stubs.o ABSOLUTE
    _printf_llo                              0x00000000   Number         0  stubs.o ABSOLUTE
    _printf_llu                              0x00000000   Number         0  stubs.o ABSOLUTE
    _printf_llx                              0x00000000   Number         0  stubs.o ABSOLUTE
    _printf_longlong_dec                     0x00000000   Number         0  stubs.o ABSOLUTE
    _printf_longlong_hex                     0x00000000   Number         0  stubs.o ABSOLUTE
    _printf_longlong_oct                     0x00000000   Number         0  stubs.o ABSOLUTE
    _printf_ls                               0x00000000   Number         0  stubs.o ABSOLUTE
    _printf_mbtowc                           0x00000000   Number         0  stubs.o ABSOLUTE
    _printf_n                                0x00000000   Number         0  stubs.o ABSOLUTE
    _printf_o                                0x00000000   Number         0  stubs.o ABSOLUTE
    _printf_p                                0x00000000   Number         0  stubs.o ABSOLUTE
    _printf_percent                          0x00000000   Number         0  stubs.o ABSOLUTE
    _printf_pre_padding                      0x00000000   Number         0  stubs.o ABSOLUTE
    _printf_return_value                     0x00000000   Number         0  stubs.o ABSOLUTE
    _printf_s                                0x00000000   Number         0  stubs.o ABSOLUTE
    _printf_sizespec                         0x00000000   Number         0  stubs.o ABSOLUTE
    _printf_str                              0x00000000   Number         0  stubs.o ABSOLUTE
    _printf_truncate_signed                  0x00000000   Number         0  stubs.o ABSOLUTE
    _printf_truncate_unsigned                0x00000000   Number         0  stubs.o ABSOLUTE
    _printf_u                                0x00000000   Number         0  stubs.o ABSOLUTE
    _printf_wc                               0x00000000   Number         0  stubs.o ABSOLUTE
    _printf_wctomb                           0x00000000   Number         0  stubs.o ABSOLUTE
    _printf_widthprec                        0x00000000   Number         0  stubs.o ABSOLUTE
    _printf_x                                0x00000000   Number         0  stubs.o ABSOLUTE
    __decompress                              - Undefined Weak Reference
    _clock_init                               - Undefined Weak Reference
    __Vectors_Size                           0x00000130   Number         0  startup_stm32f10x_hd.o ABSOLUTE
    __Vectors                                0x08000000   Data           4  startup_stm32f10x_hd.o(RESET)
    __Vectors_End                            0x08000130   Data           0  startup_stm32f10x_hd.o(RESET)
    __main                                   0x08000131   Thumb Code     0  entry.o(.ARM.Collect$$$$00000000)
    _main_stk                                0x08000131   Thumb Code     0  entry2.o(.ARM.Collect$$$$00000001)
    _main_scatterload                        0x08000135   Thumb Code     0  entry5.o(.ARM.Collect$$$$00000004)
    __main_after_scatterload                 0x08000139   Thumb Code     0  entry5.o(.ARM.Collect$$$$00000004)
    _main_clock                              0x08000139   Thumb Code     0  entry7b.o(.ARM.Collect$$$$00000008)
    _main_init                               0x08000139   Thumb Code     0  entry8.o(.ARM.Collect$$$$00000009)
    main                                     0x08000145   Thumb Code   354  main.o(.text)
    Reset_Handler                            0x08000361   Thumb Code     8  startup_stm32f10x_hd.o(.text)
    NMI_Handler                              0x08000369   Thumb Code     2  startup_stm32f10x_hd.o(.text)
    HardFault_Handler                        0x0800036b   Thumb Code     2  startup_stm32f10x_hd.o(.text)
    MemManage_Handler                        0x0800036d   Thumb Code     2  startup_stm32f10x_hd.o(.text)
    BusFault_Handler                         0x0800036f   Thumb Code     2  startup_stm32f10x_hd.o(.text)
    UsageFault_Handler                       0x08000371   Thumb Code     2  startup_stm32f10x_hd.o(.text)
    SVC_Handler                              0x08000373   Thumb Code     2  startup_stm32f10x_hd.o(.text)
    DebugMon_Handler                         0x08000375   Thumb Code     2  startup_stm32f10x_hd.o(.text)
    PendSV_Handler                           0x08000377   Thumb Code     2  startup_stm32f10x_hd.o(.text)
    SysTick_Handler                          0x08000379   Thumb Code     2  startup_stm32f10x_hd.o(.text)
    ADC1_2_IRQHandler                        0x0800037b   Thumb Code     0  startup_stm32f10x_hd.o(.text)
    ADC3_IRQHandler                          0x0800037b   Thumb Code     0  startup_stm32f10x_hd.o(.text)
    CAN1_RX1_IRQHandler                      0x0800037b   Thumb Code     0  startup_stm32f10x_hd.o(.text)
    CAN1_SCE_IRQHandler                      0x0800037b   Thumb Code     0  startup_stm32f10x_hd.o(.text)
    DMA1_Channel1_IRQHandler                 0x0800037b   Thumb Code     0  startup_stm32f10x_hd.o(.text)
    DMA1_Channel2_IRQHandler                 0x0800037b   Thumb Code     0  startup_stm32f10x_hd.o(.text)
    DMA1_Channel3_IRQHandler                 0x0800037b   Thumb Code     0  startup_stm32f10x_hd.o(.text)
    DMA1_Channel4_IRQHandler                 0x0800037b   Thumb Code     0  startup_stm32f10x_hd.o(.text)
    DMA1_Channel5_IRQHandler                 0x0800037b   Thumb Code     0  startup_stm32f10x_hd.o(.text)
    DMA1_Channel6_IRQHandler                 0x0800037b   Thumb Code     0  startup_stm32f10x_hd.o(.text)
    DMA1_Channel7_IRQHandler                 0x0800037b   Thumb Code     0  startup_stm32f10x_hd.o(.text)
    DMA2_Channel1_IRQHandler                 0x0800037b   Thumb Code     0  startup_stm32f10x_hd.o(.text)
    DMA2_Channel2_IRQHandler                 0x0800037b   Thumb Code     0  startup_stm32f10x_hd.o(.text)
    DMA2_Channel3_IRQHandler                 0x0800037b   Thumb Code     0  startup_stm32f10x_hd.o(.text)
    DMA2_Channel4_5_IRQHandler               0x0800037b   Thumb Code     0  startup_stm32f10x_hd.o(.text)
    EXTI0_IRQHandler                         0x0800037b   Thumb Code     0  startup_stm32f10x_hd.o(.text)
    EXTI15_10_IRQHandler                     0x0800037b   Thumb Code     0  startup_stm32f10x_hd.o(.text)
    EXTI1_IRQHandler                         0x0800037b   Thumb Code     0  startup_stm32f10x_hd.o(.text)
    EXTI2_IRQHandler                         0x0800037b   Thumb Code     0  startup_stm32f10x_hd.o(.text)
    EXTI3_IRQHandler                         0x0800037b   Thumb Code     0  startup_stm32f10x_hd.o(.text)
    EXTI4_IRQHandler                         0x0800037b   Thumb Code     0  startup_stm32f10x_hd.o(.text)
    EXTI9_5_IRQHandler                       0x0800037b   Thumb Code     0  startup_stm32f10x_hd.o(.text)
    FLASH_IRQHandler                         0x0800037b   Thumb Code     0  startup_stm32f10x_hd.o(.text)
    FSMC_IRQHandler                          0x0800037b   Thumb Code     0  startup_stm32f10x_hd.o(.text)
    I2C1_ER_IRQHandler                       0x0800037b   Thumb Code     0  startup_stm32f10x_hd.o(.text)
    I2C1_EV_IRQHandler                       0x0800037b   Thumb Code     0  startup_stm32f10x_hd.o(.text)
    I2C2_ER_IRQHandler                       0x0800037b   Thumb Code     0  startup_stm32f10x_hd.o(.text)
    I2C2_EV_IRQHandler                       0x0800037b   Thumb Code     0  startup_stm32f10x_hd.o(.text)
    PVD_IRQHandler                           0x0800037b   Thumb Code     0  startup_stm32f10x_hd.o(.text)
    RCC_IRQHandler                           0x0800037b   Thumb Code     0  startup_stm32f10x_hd.o(.text)
    RTCAlarm_IRQHandler                      0x0800037b   Thumb Code     0  startup_stm32f10x_hd.o(.text)
    RTC_IRQHandler                           0x0800037b   Thumb Code     0  startup_stm32f10x_hd.o(.text)
    SDIO_IRQHandler                          0x0800037b   Thumb Code     0  startup_stm32f10x_hd.o(.text)
    SPI1_IRQHandler                          0x0800037b   Thumb Code     0  startup_stm32f10x_hd.o(.text)
    SPI2_IRQHandler                          0x0800037b   Thumb Code     0  startup_stm32f10x_hd.o(.text)
    SPI3_IRQHandler                          0x0800037b   Thumb Code     0  startup_stm32f10x_hd.o(.text)
    TAMPER_IRQHandler                        0x0800037b   Thumb Code     0  startup_stm32f10x_hd.o(.text)
    TIM1_BRK_IRQHandler                      0x0800037b   Thumb Code     0  startup_stm32f10x_hd.o(.text)
    TIM1_CC_IRQHandler                       0x0800037b   Thumb Code     0  startup_stm32f10x_hd.o(.text)
    TIM1_TRG_COM_IRQHandler                  0x0800037b   Thumb Code     0  startup_stm32f10x_hd.o(.text)
    TIM1_UP_IRQHandler                       0x0800037b   Thumb Code     0  startup_stm32f10x_hd.o(.text)
    TIM2_IRQHandler                          0x0800037b   Thumb Code     0  startup_stm32f10x_hd.o(.text)
    TIM3_IRQHandler                          0x0800037b   Thumb Code     0  startup_stm32f10x_hd.o(.text)
    TIM4_IRQHandler                          0x0800037b   Thumb Code     0  startup_stm32f10x_hd.o(.text)
    TIM5_IRQHandler                          0x0800037b   Thumb Code     0  startup_stm32f10x_hd.o(.text)
    TIM6_IRQHandler                          0x0800037b   Thumb Code     0  startup_stm32f10x_hd.o(.text)
    TIM7_IRQHandler                          0x0800037b   Thumb Code     0  startup_stm32f10x_hd.o(.text)
    TIM8_BRK_IRQHandler                      0x0800037b   Thumb Code     0  startup_stm32f10x_hd.o(.text)
    TIM8_CC_IRQHandler                       0x0800037b   Thumb Code     0  startup_stm32f10x_hd.o(.text)
    TIM8_TRG_COM_IRQHandler                  0x0800037b   Thumb Code     0  startup_stm32f10x_hd.o(.text)
    TIM8_UP_IRQHandler                       0x0800037b   Thumb Code     0  startup_stm32f10x_hd.o(.text)
    UART4_IRQHandler                         0x0800037b   Thumb Code     0  startup_stm32f10x_hd.o(.text)
    UART5_IRQHandler                         0x0800037b   Thumb Code     0  startup_stm32f10x_hd.o(.text)
    USART2_IRQHandler                        0x0800037b   Thumb Code     0  startup_stm32f10x_hd.o(.text)
    USART3_IRQHandler                        0x0800037b   Thumb Code     0  startup_stm32f10x_hd.o(.text)
    USBWakeUp_IRQHandler                     0x0800037b   Thumb Code     0  startup_stm32f10x_hd.o(.text)
    USB_HP_CAN1_TX_IRQHandler                0x0800037b   Thumb Code     0  startup_stm32f10x_hd.o(.text)
    USB_LP_CAN1_RX0_IRQHandler               0x0800037b   Thumb Code     0  startup_stm32f10x_hd.o(.text)
    WWDG_IRQHandler                          0x0800037b   Thumb Code     0  startup_stm32f10x_hd.o(.text)
    SystemInit                               0x08000455   Thumb Code    82  system_stm32f10x.o(.text)
    SystemCoreClockUpdate                    0x080004a7   Thumb Code   154  system_stm32f10x.o(.text)
    NVIC_PriorityGroupConfig                 0x08000565   Thumb Code    12  misc.o(.text)
    NVIC_Init                                0x08000571   Thumb Code   128  misc.o(.text)
    NVIC_SetVectorTable                      0x080005f1   Thumb Code    16  misc.o(.text)
    NVIC_SystemLPConfig                      0x08000601   Thumb Code    30  misc.o(.text)
    SysTick_CLKSourceConfig                  0x0800061f   Thumb Code    40  misc.o(.text)
    FLASH_SetLatency                         0x08000665   Thumb Code    22  stm32f10x_flash.o(.text)
    FLASH_HalfCycleAccessCmd                 0x0800067b   Thumb Code    24  stm32f10x_flash.o(.text)
    FLASH_PrefetchBufferCmd                  0x08000693   Thumb Code    24  stm32f10x_flash.o(.text)
    FLASH_Unlock                             0x080006ab   Thumb Code    12  stm32f10x_flash.o(.text)
    FLASH_UnlockBank1                        0x080006b7   Thumb Code    12  stm32f10x_flash.o(.text)
    FLASH_Lock                               0x080006c3   Thumb Code    14  stm32f10x_flash.o(.text)
    FLASH_LockBank1                          0x080006d1   Thumb Code    14  stm32f10x_flash.o(.text)
    FLASH_GetBank1Status                     0x080006df   Thumb Code    60  stm32f10x_flash.o(.text)
    FLASH_WaitForLastOperation               0x0800071b   Thumb Code    44  stm32f10x_flash.o(.text)
    FLASH_ErasePage                          0x08000747   Thumb Code    76  stm32f10x_flash.o(.text)
    FLASH_EraseAllPages                      0x08000793   Thumb Code    72  stm32f10x_flash.o(.text)
    FLASH_WaitForLastBank1Operation          0x080007db   Thumb Code    44  stm32f10x_flash.o(.text)
    FLASH_EraseAllBank1Pages                 0x08000807   Thumb Code    72  stm32f10x_flash.o(.text)
    FLASH_GetReadOutProtectionStatus         0x0800084f   Thumb Code    26  stm32f10x_flash.o(.text)
    FLASH_EraseOptionBytes                   0x08000869   Thumb Code   164  stm32f10x_flash.o(.text)
    FLASH_ProgramWord                        0x0800090d   Thumb Code   114  stm32f10x_flash.o(.text)
    FLASH_ProgramHalfWord                    0x0800097f   Thumb Code    68  stm32f10x_flash.o(.text)
    FLASH_ProgramOptionByteData              0x080009c3   Thumb Code    80  stm32f10x_flash.o(.text)
    FLASH_EnableWriteProtection              0x08000a13   Thumb Code   212  stm32f10x_flash.o(.text)
    FLASH_ReadOutProtection                  0x08000ae7   Thumb Code   168  stm32f10x_flash.o(.text)
    FLASH_UserOptionByteConfig               0x08000b8f   Thumb Code    98  stm32f10x_flash.o(.text)
    FLASH_GetUserOptionByte                  0x08000bf1   Thumb Code     8  stm32f10x_flash.o(.text)
    FLASH_GetWriteProtectionOptionByte       0x08000bf9   Thumb Code     6  stm32f10x_flash.o(.text)
    FLASH_GetPrefetchBufferStatus            0x08000bff   Thumb Code    26  stm32f10x_flash.o(.text)
    FLASH_ITConfig                           0x08000c19   Thumb Code    30  stm32f10x_flash.o(.text)
    FLASH_GetFlagStatus                      0x08000c37   Thumb Code    52  stm32f10x_flash.o(.text)
    FLASH_ClearFlag                          0x08000c6b   Thumb Code     6  stm32f10x_flash.o(.text)
    FLASH_GetStatus                          0x08000c71   Thumb Code    60  stm32f10x_flash.o(.text)
    GPIO_DeInit                              0x08000ccd   Thumb Code   172  stm32f10x_gpio.o(.text)
    GPIO_AFIODeInit                          0x08000d79   Thumb Code    20  stm32f10x_gpio.o(.text)
    GPIO_Init                                0x08000d8d   Thumb Code   292  stm32f10x_gpio.o(.text)
    GPIO_StructInit                          0x08000eb1   Thumb Code    20  stm32f10x_gpio.o(.text)
    GPIO_ReadInputDataBit                    0x08000ec5   Thumb Code    24  stm32f10x_gpio.o(.text)
    GPIO_ReadInputData                       0x08000edd   Thumb Code     8  stm32f10x_gpio.o(.text)
    GPIO_ReadOutputDataBit                   0x08000ee5   Thumb Code    24  stm32f10x_gpio.o(.text)
    GPIO_ReadOutputData                      0x08000efd   Thumb Code     8  stm32f10x_gpio.o(.text)
    GPIO_SetBits                             0x08000f05   Thumb Code     4  stm32f10x_gpio.o(.text)
    GPIO_ResetBits                           0x08000f09   Thumb Code     4  stm32f10x_gpio.o(.text)
    GPIO_WriteBit                            0x08000f0d   Thumb Code    10  stm32f10x_gpio.o(.text)
    GPIO_Write                               0x08000f17   Thumb Code     4  stm32f10x_gpio.o(.text)
    GPIO_PinLockConfig                       0x08000f1b   Thumb Code    20  stm32f10x_gpio.o(.text)
    GPIO_EventOutputConfig                   0x08000f2f   Thumb Code    32  stm32f10x_gpio.o(.text)
    GPIO_EventOutputCmd                      0x08000f4f   Thumb Code     6  stm32f10x_gpio.o(.text)
    GPIO_PinRemapConfig                      0x08000f55   Thumb Code   156  stm32f10x_gpio.o(.text)
    GPIO_EXTILineConfig                      0x08000ff1   Thumb Code    84  stm32f10x_gpio.o(.text)
    GPIO_ETH_MediaInterfaceConfig            0x08001045   Thumb Code     6  stm32f10x_gpio.o(.text)
    RCC_DeInit                               0x08001079   Thumb Code    68  stm32f10x_rcc.o(.text)
    RCC_HSEConfig                            0x080010bd   Thumb Code    70  stm32f10x_rcc.o(.text)
    RCC_GetFlagStatus                        0x08001103   Thumb Code    68  stm32f10x_rcc.o(.text)
    RCC_WaitForHSEStartUp                    0x08001147   Thumb Code    56  stm32f10x_rcc.o(.text)
    RCC_AdjustHSICalibrationValue            0x0800117f   Thumb Code    22  stm32f10x_rcc.o(.text)
    RCC_HSICmd                               0x08001195   Thumb Code     6  stm32f10x_rcc.o(.text)
    RCC_PLLConfig                            0x0800119b   Thumb Code    28  stm32f10x_rcc.o(.text)
    RCC_PLLCmd                               0x080011b7   Thumb Code     6  stm32f10x_rcc.o(.text)
    RCC_SYSCLKConfig                         0x080011bd   Thumb Code    22  stm32f10x_rcc.o(.text)
    RCC_GetSYSCLKSource                      0x080011d3   Thumb Code    10  stm32f10x_rcc.o(.text)
    RCC_HCLKConfig                           0x080011dd   Thumb Code    22  stm32f10x_rcc.o(.text)
    RCC_PCLK1Config                          0x080011f3   Thumb Code    22  stm32f10x_rcc.o(.text)
    RCC_PCLK2Config                          0x08001209   Thumb Code    22  stm32f10x_rcc.o(.text)
    RCC_ITConfig                             0x0800121f   Thumb Code    36  stm32f10x_rcc.o(.text)
    RCC_USBCLKConfig                         0x08001243   Thumb Code     6  stm32f10x_rcc.o(.text)
    RCC_ADCCLKConfig                         0x08001249   Thumb Code    22  stm32f10x_rcc.o(.text)
    RCC_LSEConfig                            0x0800125f   Thumb Code    50  stm32f10x_rcc.o(.text)
    RCC_LSICmd                               0x08001291   Thumb Code     6  stm32f10x_rcc.o(.text)
    RCC_RTCCLKConfig                         0x08001297   Thumb Code    14  stm32f10x_rcc.o(.text)
    RCC_RTCCLKCmd                            0x080012a5   Thumb Code     6  stm32f10x_rcc.o(.text)
    RCC_GetClocksFreq                        0x080012ab   Thumb Code   216  stm32f10x_rcc.o(.text)
    RCC_AHBPeriphClockCmd                    0x08001383   Thumb Code    30  stm32f10x_rcc.o(.text)
    RCC_APB2PeriphClockCmd                   0x080013a1   Thumb Code    30  stm32f10x_rcc.o(.text)
    RCC_APB1PeriphClockCmd                   0x080013bf   Thumb Code    30  stm32f10x_rcc.o(.text)
    RCC_APB2PeriphResetCmd                   0x080013dd   Thumb Code    30  stm32f10x_rcc.o(.text)
    RCC_APB1PeriphResetCmd                   0x080013fb   Thumb Code    30  stm32f10x_rcc.o(.text)
    RCC_BackupResetCmd                       0x08001419   Thumb Code     6  stm32f10x_rcc.o(.text)
    RCC_ClockSecuritySystemCmd               0x0800141f   Thumb Code     6  stm32f10x_rcc.o(.text)
    RCC_MCOConfig                            0x08001425   Thumb Code     6  stm32f10x_rcc.o(.text)
    RCC_ClearFlag                            0x0800142b   Thumb Code    14  stm32f10x_rcc.o(.text)
    RCC_GetITStatus                          0x08001439   Thumb Code    26  stm32f10x_rcc.o(.text)
    RCC_ClearITPendingBit                    0x08001453   Thumb Code    58  stm32f10x_rcc.o(.text)
    SPI_I2S_DeInit                           0x0800148d   Thumb Code    76  stm32f10x_spi.o(.text)
    SPI_Init                                 0x080014d9   Thumb Code    80  stm32f10x_spi.o(.text)
    I2S_Init                                 0x08001529   Thumb Code   250  stm32f10x_spi.o(.text)
    SPI_StructInit                           0x08001623   Thumb Code    28  stm32f10x_spi.o(.text)
    I2S_StructInit                           0x0800163f   Thumb Code    26  stm32f10x_spi.o(.text)
    SPI_Cmd                                  0x08001659   Thumb Code    26  stm32f10x_spi.o(.text)
    I2S_Cmd                                  0x08001673   Thumb Code    26  stm32f10x_spi.o(.text)
    SPI_I2S_ITConfig                         0x0800168d   Thumb Code    50  stm32f10x_spi.o(.text)
    SPI_I2S_DMACmd                           0x080016bf   Thumb Code    30  stm32f10x_spi.o(.text)
    SPI_I2S_SendData                         0x080016dd   Thumb Code     4  stm32f10x_spi.o(.text)
    SPI_I2S_ReceiveData                      0x080016e1   Thumb Code     6  stm32f10x_spi.o(.text)
    SPI_NSSInternalSoftwareConfig            0x080016e7   Thumb Code    32  stm32f10x_spi.o(.text)
    SPI_SSOutputCmd                          0x08001707   Thumb Code    26  stm32f10x_spi.o(.text)
    SPI_DataSizeConfig                       0x08001721   Thumb Code    22  stm32f10x_spi.o(.text)
    SPI_TransmitCRC                          0x08001737   Thumb Code    10  stm32f10x_spi.o(.text)
    SPI_CalculateCRC                         0x08001741   Thumb Code    26  stm32f10x_spi.o(.text)
    SPI_GetCRC                               0x0800175b   Thumb Code    18  stm32f10x_spi.o(.text)
    SPI_GetCRCPolynomial                     0x0800176d   Thumb Code     6  stm32f10x_spi.o(.text)
    SPI_BiDirectionalLineConfig              0x08001773   Thumb Code    30  stm32f10x_spi.o(.text)
    SPI_I2S_GetFlagStatus                    0x08001791   Thumb Code    24  stm32f10x_spi.o(.text)
    SPI_I2S_ClearFlag                        0x080017a9   Thumb Code     8  stm32f10x_spi.o(.text)
    SPI_I2S_GetITStatus                      0x080017b1   Thumb Code    68  stm32f10x_spi.o(.text)
    SPI_I2S_ClearITPendingBit                0x080017f5   Thumb Code    28  stm32f10x_spi.o(.text)
    USART_DeInit                             0x0800181d   Thumb Code   134  stm32f10x_usart.o(.text)
    USART_Init                               0x080018a3   Thumb Code   250  stm32f10x_usart.o(.text)
    USART_StructInit                         0x0800199d   Thumb Code    30  stm32f10x_usart.o(.text)
    USART_ClockInit                          0x080019bb   Thumb Code    46  stm32f10x_usart.o(.text)
    USART_ClockStructInit                    0x080019e9   Thumb Code    14  stm32f10x_usart.o(.text)
    USART_Cmd                                0x080019f7   Thumb Code    26  stm32f10x_usart.o(.text)
    USART_ITConfig                           0x08001a11   Thumb Code    88  stm32f10x_usart.o(.text)
    USART_DMACmd                             0x08001a69   Thumb Code    30  stm32f10x_usart.o(.text)
    USART_SetAddress                         0x08001a87   Thumb Code    22  stm32f10x_usart.o(.text)
    USART_WakeUpConfig                       0x08001a9d   Thumb Code    22  stm32f10x_usart.o(.text)
    USART_ReceiverWakeUpCmd                  0x08001ab3   Thumb Code    26  stm32f10x_usart.o(.text)
    USART_LINBreakDetectLengthConfig         0x08001acd   Thumb Code    22  stm32f10x_usart.o(.text)
    USART_LINCmd                             0x08001ae3   Thumb Code    26  stm32f10x_usart.o(.text)
    USART_SendData                           0x08001afd   Thumb Code     8  stm32f10x_usart.o(.text)
    USART_ReceiveData                        0x08001b05   Thumb Code    10  stm32f10x_usart.o(.text)
    USART_SendBreak                          0x08001b0f   Thumb Code    10  stm32f10x_usart.o(.text)
    USART_SetGuardTime                       0x08001b19   Thumb Code    16  stm32f10x_usart.o(.text)
    USART_SetPrescaler                       0x08001b29   Thumb Code    18  stm32f10x_usart.o(.text)
    USART_SmartCardCmd                       0x08001b3b   Thumb Code    26  stm32f10x_usart.o(.text)
    USART_SmartCardNACKCmd                   0x08001b55   Thumb Code    26  stm32f10x_usart.o(.text)
    USART_HalfDuplexCmd                      0x08001b6f   Thumb Code    26  stm32f10x_usart.o(.text)
    USART_OverSampling8Cmd                   0x08001b89   Thumb Code    22  stm32f10x_usart.o(.text)
    USART_OneBitMethodCmd                    0x08001b9f   Thumb Code    26  stm32f10x_usart.o(.text)
    USART_IrDAConfig                         0x08001bb9   Thumb Code    22  stm32f10x_usart.o(.text)
    USART_IrDACmd                            0x08001bcf   Thumb Code    26  stm32f10x_usart.o(.text)
    USART_GetFlagStatus                      0x08001be9   Thumb Code    54  stm32f10x_usart.o(.text)
    USART_ClearFlag                          0x08001c1f   Thumb Code    20  stm32f10x_usart.o(.text)
    USART_GetITStatus                        0x08001c33   Thumb Code   104  stm32f10x_usart.o(.text)
    USART_ClearITPendingBit                  0x08001c9b   Thumb Code    40  stm32f10x_usart.o(.text)
    getISR                                   0x08001cc5   Thumb Code     8  w5500.o(.text)
    putISR                                   0x08001ccd   Thumb Code     6  w5500.o(.text)
    getIINCHIP_RxMAX                         0x08001cd3   Thumb Code    10  w5500.o(.text)
    getIINCHIP_TxMAX                         0x08001cdd   Thumb Code    10  w5500.o(.text)
    IINCHIP_CSoff                            0x08001ce7   Thumb Code    10  w5500.o(.text)
    IINCHIP_CSon                             0x08001cf1   Thumb Code    10  w5500.o(.text)
    IINCHIP_SpiSendData                      0x08001cfb   Thumb Code    12  w5500.o(.text)
    IINCHIP_WRITE                            0x08001d07   Thumb Code    50  w5500.o(.text)
    IINCHIP_READ                             0x08001d39   Thumb Code    52  w5500.o(.text)
    wiz_write_buf                            0x08001d6d   Thumb Code    86  w5500.o(.text)
    wiz_read_buf                             0x08001dc3   Thumb Code    84  w5500.o(.text)
    setMR                                    0x08001e17   Thumb Code    16  w5500.o(.text)
    iinchip_init                             0x08001e27   Thumb Code    10  w5500.o(.text)
    sysinit                                  0x08001e31   Thumb Code   308  w5500.o(.text)
    setGAR                                   0x08001f65   Thumb Code    20  w5500.o(.text)
    getGWIP                                  0x08001f79   Thumb Code    20  w5500.o(.text)
    setSUBR                                  0x08001f8d   Thumb Code    20  w5500.o(.text)
    setSHAR                                  0x08001fa1   Thumb Code    20  w5500.o(.text)
    setSIPR                                  0x08001fb5   Thumb Code    20  w5500.o(.text)
    getGAR                                   0x08001fc9   Thumb Code    20  w5500.o(.text)
    getSUBR                                  0x08001fdd   Thumb Code    20  w5500.o(.text)
    getSHAR                                  0x08001ff1   Thumb Code    20  w5500.o(.text)
    getSIPR                                  0x08002005   Thumb Code    20  w5500.o(.text)
    getIR                                    0x08002019   Thumb Code    12  w5500.o(.text)
    setRTR                                   0x08002025   Thumb Code    28  w5500.o(.text)
    setRCR                                   0x08002041   Thumb Code    16  w5500.o(.text)
    clearIR                                  0x08002051   Thumb Code    26  w5500.o(.text)
    setSn_MSS                                0x0800206b   Thumb Code    38  w5500.o(.text)
    setSn_TTL                                0x08002091   Thumb Code    60  w5500.o(.text)
    getSn_IR                                 0x080020cd   Thumb Code    18  w5500.o(.text)
    getSn_SR                                 0x080020df   Thumb Code    18  w5500.o(.text)
    getSn_TX_FSR                             0x080020f1   Thumb Code    86  w5500.o(.text)
    getSn_RX_RSR                             0x08002147   Thumb Code    86  w5500.o(.text)
    send_data_processing                     0x0800219d   Thumb Code   124  w5500.o(.text)
    recv_data_processing                     0x08002219   Thumb Code   124  w5500.o(.text)
    setSn_IR                                 0x08002295   Thumb Code    22  w5500.o(.text)
    at24c16_init                             0x080022ed   Thumb Code    68  24c16.o(.text)
    at24c16_start                            0x08002331   Thumb Code    42  24c16.o(.text)
    at24c16_stop                             0x0800235b   Thumb Code    34  24c16.o(.text)
    write_1byte                              0x0800237d   Thumb Code   116  24c16.o(.text)
    read_1byte                               0x080023f1   Thumb Code   110  24c16.o(.text)
    clock                                    0x0800245f   Thumb Code    62  24c16.o(.text)
    at24c16_write                            0x0800249d   Thumb Code    84  24c16.o(.text)
    at24c16_read                             0x080024f1   Thumb Code    70  24c16.o(.text)
    eep_block_write                          0x08002537   Thumb Code    44  24c16.o(.text)
    erase_eeprom                             0x08002563   Thumb Code    32  24c16.o(.text)
    GPIO_Configuration                       0x08002589   Thumb Code   216  mcu_int.o(.text)
    RCC_Configuration                        0x08002661   Thumb Code   124  mcu_int.o(.text)
    NVIC_Configuration                       0x080026dd   Thumb Code   102  mcu_int.o(.text)
    close                                    0x08002755   Thumb Code    54  socket.o(.text)
    socket                                   0x0800278b   Thumb Code   202  socket.o(.text)
    listen                                   0x08002855   Thumb Code    66  socket.o(.text)
    connect                                  0x08002897   Thumb Code   254  socket.o(.text)
    disconnect                               0x08002995   Thumb Code    40  socket.o(.text)
    send                                     0x080029bd   Thumb Code   220  socket.o(.text)
    recv                                     0x08002a99   Thumb Code    68  socket.o(.text)
    sendto                                   0x08002add   Thumb Code   292  socket.o(.text)
    recvfrom                                 0x08002c01   Thumb Code   518  socket.o(.text)
    WIZ_SPI_Init                             0x08002e21   Thumb Code    88  spi2.o(.text)
    WIZ_CS                                   0x08002e79   Thumb Code    32  spi2.o(.text)
    SPI2_SendByte                            0x08002e99   Thumb Code    50  spi2.o(.text)
    Systick_Init                             0x08002ed5   Thumb Code    50  ult.o(.text)
    Delay_ms                                 0x08002f07   Thumb Code    62  ult.o(.text)
    Delay_s                                  0x08002f45   Thumb Code    24  ult.o(.text)
    Delay_us                                 0x08002f5d   Thumb Code    62  ult.o(.text)
    C2D                                      0x08002f9b   Thumb Code    54  ult.o(.text)
    ATOI                                     0x08002fd1   Thumb Code    34  ult.o(.text)
    ATOI32                                   0x08002ff3   Thumb Code    34  ult.o(.text)
    itoa                                     0x08003015   Thumb Code    76  ult.o(.text)
    ValidATOI                                0x08003061   Thumb Code    74  ult.o(.text)
    replacetochar                            0x080030ab   Thumb Code    30  ult.o(.text)
    swaps                                    0x080030c9   Thumb Code    20  ult.o(.text)
    swapl                                    0x080030dd   Thumb Code    32  ult.o(.text)
    mid                                      0x080030fd   Thumb Code    70  ult.o(.text)
    inet_addr_                               0x08003143   Thumb Code    96  ult.o(.text)
    Reset_W5500                              0x080031b1   Thumb Code    38  device.o(.text)
    reboot                                   0x080031d7   Thumb Code    14  device.o(.text)
    USART1_Init                              0x080031e5   Thumb Code   138  device.o(.text)
    fputc                                    0x0800326f   Thumb Code    32  device.o(.text)
    USART1_Putc                              0x0800328f   Thumb Code    28  device.o(.text)
    USART1_Puts                              0x080032ab   Thumb Code    38  device.o(.text)
    USART1_IRQHandler                        0x080032d1   Thumb Code    70  device.o(.text)
    set_network                              0x08003317   Thumb Code   146  device.o(.text)
    write_config_to_eeprom                   0x080033a9   Thumb Code    52  device.o(.text)
    set_default                              0x080033dd   Thumb Code   114  device.o(.text)
    get_config                               0x0800344f   Thumb Code    98  device.o(.text)
    __aeabi_memset                           0x0800351d   Thumb Code    14  memseta.o(.text)
    __aeabi_memset4                          0x0800351d   Thumb Code     0  memseta.o(.text)
    __aeabi_memset8                          0x0800351d   Thumb Code     0  memseta.o(.text)
    __aeabi_memclr                           0x0800352b   Thumb Code     4  memseta.o(.text)
    __aeabi_memclr4                          0x0800352b   Thumb Code     0  memseta.o(.text)
    __aeabi_memclr8                          0x0800352b   Thumb Code     0  memseta.o(.text)
    _memset$wrapper                          0x0800352f   Thumb Code    20  memseta.o(.text)
    strstr                                   0x08003543   Thumb Code    44  strstr.o(.text)
    strncpy                                  0x0800356f   Thumb Code    24  strncpy.o(.text)
    strlen                                   0x08003587   Thumb Code    16  strlen.o(.text)
    strcpy                                   0x08003597   Thumb Code    18  strcpy.o(.text)
    strtok                                   0x080035a9   Thumb Code    62  strtok.o(.text)
    __aeabi_uidiv                            0x080035ed   Thumb Code     0  uidiv.o(.text)
    __aeabi_uidivmod                         0x080035ed   Thumb Code    44  uidiv.o(.text)
    __scatterload                            0x08003619   Thumb Code    28  init.o(.text)
    __scatterload_rt2                        0x08003619   Thumb Code     0  init.o(.text)
    __0printf$3                              0x0800363d   Thumb Code    22  printf3.o(i.__0printf$3)
    __1printf$3                              0x0800363d   Thumb Code     0  printf3.o(i.__0printf$3)
    __2printf                                0x0800363d   Thumb Code     0  printf3.o(i.__0printf$3)
    __scatterload_copy                       0x0800365d   Thumb Code    14  handlers.o(i.__scatterload_copy)
    __scatterload_null                       0x0800366b   Thumb Code     2  handlers.o(i.__scatterload_null)
    __scatterload_zeroinit                   0x0800366d   Thumb Code    14  handlers.o(i.__scatterload_zeroinit)
    Region$$Table$$Base                      0x08003830   Number         0  anon$$obj.o(Region$$Table)
    Region$$Table$$Limit                     0x08003850   Number         0  anon$$obj.o(Region$$Table)
    SystemCoreClock                          0x20000000   Data           4  system_stm32f10x.o(.data)
    AHBPrescTable                            0x20000004   Data          16  system_stm32f10x.o(.data)
    txsize                                   0x20000036   Data           8  device.o(.data)
    rxsize                                   0x2000003e   Data           8  device.o(.data)
    __stdout                                 0x2000004c   Data           4  stdout.o(.data)
    buffer                                   0x20000050   Data        2048  main.o(.bss)
    ConfigMsg                                0x20000870   Data          33  device.o(.bss)
    RecvMsg                                  0x20000891   Data          33  device.o(.bss)
    pub_buf                                  0x200008b2   Data        1460  device.o(.bss)
    __initial_sp                             0x20001268   Data           0  startup_stm32f10x_hd.o(STACK)



==============================================================================

Memory Map of the image

  Image Entry point : 0x08000131

  Load Region LR_IROM1 (Base: 0x08000000, Size: 0x000038a0, Max: 0x00040000, ABSOLUTE)

    Execution Region ER_IROM1 (Base: 0x08000000, Size: 0x00003850, Max: 0x00040000, ABSOLUTE)

    Base Addr    Size         Type   Attr      Idx    E Section Name        Object

    0x08000000   0x00000130   Data   RO          153    RESET               startup_stm32f10x_hd.o
    0x08000130   0x00000000   Code   RO          529  * .ARM.Collect$$$$00000000  mc_w.l(entry.o)
    0x08000130   0x00000004   Code   RO          813    .ARM.Collect$$$$00000001  mc_w.l(entry2.o)
    0x08000134   0x00000004   Code   RO          816    .ARM.Collect$$$$00000004  mc_w.l(entry5.o)
    0x08000138   0x00000000   Code   RO          818    .ARM.Collect$$$$00000008  mc_w.l(entry7b.o)
    0x08000138   0x00000008   Code   RO          819    .ARM.Collect$$$$00000009  mc_w.l(entry8.o)
    0x08000140   0x00000004   Code   RO          814    .ARM.Collect$$$$00002712  mc_w.l(entry2.o)
    0x08000144   0x0000021c   Code   RO            1    .text               main.o
    0x08000360   0x00000024   Code   RO          154    .text               startup_stm32f10x_hd.o
    0x08000384   0x000001e0   Code   RO          158    .text               system_stm32f10x.o
    0x08000564   0x00000100   Code   RO          195    .text               misc.o
    0x08000664   0x00000668   Code   RO          231    .text               stm32f10x_flash.o
    0x08000ccc   0x000003ac   Code   RO          243    .text               stm32f10x_gpio.o
    0x08001078   0x00000414   Code   RO          267    .text               stm32f10x_rcc.o
    0x0800148c   0x00000390   Code   RO          281    .text               stm32f10x_spi.o
    0x0800181c   0x000004a6   Code   RO          305    .text               stm32f10x_usart.o
    0x08001cc2   0x00000002   PAD
    0x08001cc4   0x00000628   Code   RO          329    .text               w5500.o
    0x080022ec   0x0000029c   Code   RO          364    .text               24c16.o
    0x08002588   0x000001cc   Code   RO          390    .text               mcu_int.o
    0x08002754   0x000006cc   Code   RO          428    .text               socket.o
    0x08002e20   0x000000b4   Code   RO          457    .text               spi2.o
    0x08002ed4   0x000002dc   Code   RO          475    .text               ult.o
    0x080031b0   0x0000036c   Code   RO          506    .text               device.o
    0x0800351c   0x00000026   Code   RO          534    .text               mc_w.l(memseta.o)
    0x08003542   0x0000002c   Code   RO          536    .text               mc_w.l(strstr.o)
    0x0800356e   0x00000018   Code   RO          538    .text               mc_w.l(strncpy.o)
    0x08003586   0x00000010   Code   RO          540    .text               mc_w.l(strlen.o)
    0x08003596   0x00000012   Code   RO          542    .text               mc_w.l(strcpy.o)
    0x080035a8   0x00000044   Code   RO          544    .text               mc_w.l(strtok.o)
    0x080035ec   0x0000002c   Code   RO          821    .text               mc_w.l(uidiv.o)
    0x08003618   0x00000024   Code   RO          836    .text               mc_w.l(init.o)
    0x0800363c   0x00000020   Code   RO          641    i.__0printf$3       mc_w.l(printf3.o)
    0x0800365c   0x0000000e   Code   RO          848    i.__scatterload_copy  mc_w.l(handlers.o)
    0x0800366a   0x00000002   Code   RO          849    i.__scatterload_null  mc_w.l(handlers.o)
    0x0800366c   0x0000000e   Code   RO          850    i.__scatterload_zeroinit  mc_w.l(handlers.o)
    0x0800367a   0x00000002   PAD
    0x0800367c   0x000001b4   Code   RO          648    i._printf_core      mc_w.l(printf3.o)
    0x08003830   0x00000020   Data   RO          846    Region$$Table       anon$$obj.o


    Execution Region RW_IRAM1 (Base: 0x20000000, Size: 0x00001268, Max: 0x0000c000, ABSOLUTE)

    Base Addr    Size         Type   Attr      Idx    E Section Name        Object

    0x20000000   0x00000014   Data   RW          159    .data               system_stm32f10x.o
    0x20000014   0x00000014   Data   RW          268    .data               stm32f10x_rcc.o
    0x20000028   0x00000008   Data   RW          331    .data               w5500.o
    0x20000030   0x00000002   Data   RW          429    .data               socket.o
    0x20000032   0x00000004   Data   RW          476    .data               ult.o
    0x20000036   0x00000010   Data   RW          508    .data               device.o
    0x20000046   0x00000002   PAD
    0x20000048   0x00000004   Data   RW          545    .data               mc_w.l(strtok.o)
    0x2000004c   0x00000004   Data   RW          820    .data               mc_w.l(stdout.o)
    0x20000050   0x00000800   Zero   RW            2    .bss                main.o
    0x20000850   0x00000020   Zero   RW          330    .bss                w5500.o
    0x20000870   0x000005f6   Zero   RW          507    .bss                device.o
    0x20000e66   0x00000002   PAD
    0x20000e68   0x00000400   Zero   RW          151    STACK               startup_stm32f10x_hd.o


==============================================================================

Image component sizes


      Code (inc. data)   RO Data    RW Data    ZI Data      Debug   Object Name

       668          6          0          0          0       3571   24c16.o
         0          0          0          0          0         32   core_cm3.o
       876        108          0         16       1526       4559   device.o
       540        186          0          0       2048     244960   main.o
       460         18          0          0          0        950   mcu_int.o
       256         30          0          0          0       1597   misc.o
      1740         50          0          2          0       5026   socket.o
       180         10          0          0          0        836   spi2.o
        36          8        304          0       1024        712   startup_stm32f10x_hd.o
      1640         52          0          0          0       8086   stm32f10x_flash.o
       940         46          0          0          0       5573   stm32f10x_gpio.o
      1044         52          0         20          0       8672   stm32f10x_rcc.o
       912         12          0          0          0       6458   stm32f10x_spi.o
      1190         22          0          0          0       8300   stm32f10x_usart.o
       480         36          0         20          0       1575   system_stm32f10x.o
       732         14          0          4          0       5141   ult.o
      1576        104          0          8         32      10111   w5500.o

    ----------------------------------------------------------------------
     13272        754        336         72       4632     316159   Object Totals
         0          0         32          0          0          0   (incl. Generated)
         2          0          0          2          2          0   (incl. Padding)

    ----------------------------------------------------------------------

      Code (inc. data)   RO Data    RW Data    ZI Data      Debug   Library Member Name

         0          0          0          0          0          0   entry.o
         8          4          0          0          0          0   entry2.o
         4          0          0          0          0          0   entry5.o
         0          0          0          0          0          0   entry7b.o
         8          4          0          0          0          0   entry8.o
        30          0          0          0          0          0   handlers.o
        36          8          0          0          0         68   init.o
        38          0          0          0          0        108   memseta.o
       468         14          0          0          0        180   printf3.o
         0          0          0          4          0          0   stdout.o
        18          0          0          0          0         68   strcpy.o
        16          0          0          0          0         68   strlen.o
        24          0          0          0          0         76   strncpy.o
        44          0          0          0          0         80   strstr.o
        68          6          0          4          0         80   strtok.o
        44          0          0          0          0         80   uidiv.o

    ----------------------------------------------------------------------
       808         36          0          8          0        808   Library Totals
         2          0          0          0          0          0   (incl. Padding)

    ----------------------------------------------------------------------

      Code (inc. data)   RO Data    RW Data    ZI Data      Debug   Library Name

       806         36          0          8          0        808   mc_w.l

    ----------------------------------------------------------------------
       808         36          0          8          0        808   Library Totals

    ----------------------------------------------------------------------

==============================================================================


      Code (inc. data)   RO Data    RW Data    ZI Data      Debug   

     14080        790        336         80       4632     315043   Grand Totals
     14080        790        336         80       4632     315043   ELF Image Totals
     14080        790        336         80          0          0   ROM Totals

==============================================================================

    Total RO  Size (Code + RO Data)                14416 (  14.08kB)
    Total RW  Size (RW Data + ZI Data)              4712 (   4.60kB)
    Total ROM Size (Code + RO Data + RW Data)      14496 (  14.16kB)

==============================================================================

